Archive member included because of file (symbol)

c:\gcc850\lib\libc.a(lib_a-atoi.o)
                              obj/util.o (_atoi)
c:\gcc850\lib\libc.a(lib_a-memcpy.o)
                              obj/util.o (_memcpy)
c:\gcc850\lib\libc.a(lib_a-memset.o)
                              obj/I2Ceeprom.o (_memset)
c:\gcc850\lib\libc.a(lib_a-sprintf.o)
                              obj/util.o (_sprintf)
c:\gcc850\lib\libc.a(lib_a-strcmp.o)
                              obj/STRCLASS.o (_strcmp)
c:\gcc850\lib\libc.a(lib_a-strcpy.o)
                              obj/STRCLASS.o (_strcpy)
c:\gcc850\lib\libc.a(lib_a-strlen.o)
                              obj/STRCLASS.o (_strlen)
c:\gcc850\lib\libc.a(lib_a-strtol.o)
                              c:\gcc850\lib\libc.a(lib_a-atoi.o) (__strtol_r)
c:\gcc850\lib\libc.a(lib_a-svfprintf.o)
                              c:\gcc850\lib\libc.a(lib_a-sprintf.o) (__svfprintf_r)
c:\gcc850\lib\libc.a(lib_a-ctype_.o)
                              c:\gcc850\lib\libc.a(lib_a-strtol.o) (___ctype_ptr__)
c:\gcc850\lib\libc.a(lib_a-dtoa.o)
                              c:\gcc850\lib\libc.a(lib_a-svfprintf.o) (__dtoa_r)
c:\gcc850\lib\libc.a(lib_a-freer.o)
                              c:\gcc850\lib\libc.a(lib_a-svfprintf.o) (__free_r)
c:\gcc850\lib\libc.a(lib_a-impure.o)
                              c:\gcc850\lib\libc.a(lib_a-sprintf.o) (__impure_ptr)
c:\gcc850\lib\libc.a(lib_a-locale.o)
                              c:\gcc850\lib\libc.a(lib_a-svfprintf.o) (__localeconv_r)
c:\gcc850\lib\libc.a(lib_a-mallocr.o)
                              c:\gcc850\lib\libc.a(lib_a-svfprintf.o) (__malloc_r)
c:\gcc850\lib\libc.a(lib_a-memchr.o)
                              c:\gcc850\lib\libc.a(lib_a-svfprintf.o) (_memchr)
c:\gcc850\lib\libc.a(lib_a-memmove.o)
                              c:\gcc850\lib\libc.a(lib_a-svfprintf.o) (_memmove)
c:\gcc850\lib\libc.a(lib_a-mlock.o)
                              c:\gcc850\lib\libc.a(lib_a-freer.o) (___malloc_lock)
c:\gcc850\lib\libc.a(lib_a-mprec.o)
                              c:\gcc850\lib\libc.a(lib_a-dtoa.o) (__Bfree)
c:\gcc850\lib\libc.a(lib_a-reallocr.o)
                              c:\gcc850\lib\libc.a(lib_a-svfprintf.o) (__realloc_r)
c:\gcc850\lib\libc.a(lib_a-s_isinfd.o)
                              c:\gcc850\lib\libc.a(lib_a-svfprintf.o) (___isinfd)
c:\gcc850\lib\libc.a(lib_a-s_isnand.o)
                              c:\gcc850\lib\libc.a(lib_a-svfprintf.o) (___isnand)
c:\gcc850\lib\libc.a(lib_a-sbrkr.o)
                              c:\gcc850\lib\libc.a(lib_a-freer.o) (__sbrk_r)
c:\gcc850\lib\libc.a(lib_a-stat.o)
                              c:\gcc850\lib\libc.a(lib_a-sbrkr.o) (_errno)
c:\gcc850\lib\libc.a(lib_a-trap.o)
                              c:\gcc850\lib\libc.a(lib_a-stat.o) (___trap0)
c:\gcc850\lib\libc.a(lib_a-callocr.o)
                              c:\gcc850\lib\libc.a(lib_a-mprec.o) (__calloc_r)
c:\gcc850\lib\libc.a(lib_a-sbrk.o)
                              c:\gcc850\lib\libc.a(lib_a-sbrkr.o) (__sbrk)
c:\gcc850\lib\libc.a(lib_a-write.o)
                              c:\gcc850\lib\libc.a(lib_a-sbrk.o) (__write)
c:\gcc850\lib\libc.a(lib_a-abort.o)
                              c:\gcc850\lib\libc.a(lib_a-sbrk.o) (_abort)
c:\gcc850\lib\libc.a(lib_a-signal.o)
                              c:\gcc850\lib\libc.a(lib_a-abort.o) (_raise)
c:\gcc850\lib\libc.a(lib_a-signalr.o)
                              c:\gcc850\lib\libc.a(lib_a-signal.o) (__getpid_r)
c:\gcc850\lib\libc.a(lib_a-_Exit.o)
                              c:\gcc850\lib\libc.a(lib_a-abort.o) (__exit)
c:\gcc850\lib\libc.a(lib_a-getpid.o)
                              c:\gcc850\lib\libc.a(lib_a-signalr.o) (__getpid)
c:\gcc850\lib\libc.a(lib_a-kill.o)
                              c:\gcc850\lib\libc.a(lib_a-signalr.o) (__kill)
c:\gcc850\lib\libgcc.a(_mulsi3.o)
                              obj/util.o (___mulsi3)
c:\gcc850\lib\libgcc.a(_divsi3.o)
                              obj/util.o (___divsi3)
c:\gcc850\lib\libgcc.a(_udivsi3.o)
                              obj/main.o (___udivsi3)
c:\gcc850\lib\libgcc.a(_modsi3.o)
                              obj/util.o (___modsi3)
c:\gcc850\lib\libgcc.a(_umodsi3.o)
                              obj/main.o (___umodsi3)
c:\gcc850\lib\libgcc.a(_save_20c.o)
                              c:\gcc850\lib\libc.a(lib_a-mallocr.o) (__save_r20_r31)
c:\gcc850\lib\libgcc.a(_save_23c.o)
                              c:\gcc850\lib\libc.a(lib_a-mprec.o) (__save_r23_r31)
c:\gcc850\lib\libgcc.a(_save_25c.o)
                              c:\gcc850\lib\libc.a(lib_a-freer.o) (__save_r25_r31)
c:\gcc850\lib\libgcc.a(_save_26c.o)
                              c:\gcc850\lib\libc.a(lib_a-mprec.o) (__save_r26_r31)
c:\gcc850\lib\libgcc.a(_save_27c.o)
                              c:\gcc850\lib\libc.a(lib_a-mprec.o) (__save_r27_r31)
c:\gcc850\lib\libgcc.a(_save_28c.o)
                              c:\gcc850\lib\libc.a(lib_a-freer.o) (__save_r28_r31)
[...]
Memory Configuration

Name             Origin             Length             Attributes
text             0x00110000         0x0002ffff
rodata           0x00140000         0x00004fff
data             0x00145000         0x0000ffff
stack            0x00163000         0x00001fff
xdata            0x00165000         0x00003fff
xheap            0x0017f000         0x00000fff
*default*        0x00000000         0xffffffff
ramcode          0x00000000         0xffffffff
disk             0x00000000         0xffffffff

Linker script and memory map

LOAD obj/startup.o

.init
 *(.init)

.plt
 *(.plt)

.text           0x00110000    0x1eb50
                0x00110000                __stext = .
                0x00110000                __ctbp = .
 *(.call_table_data)
                0x00110000                . = ALIGN (0x10)
 *(.text)
 .text          0x00110000      0x7f4 obj/startup.o
                0x00110720                __return_interrupt
                0x001107e8                _cpu_initial
                0x00110000                _irqJump
                0x00110790                __restore_all_interrupt
                0x00110738                __save_all_interrupt
                0x00110700                __save_interrupt
 .text          0x001107f4       0x8c obj/crt0.o
                0x001107f4                _start
 .text          0x00110880       0x60 obj/crt1.o
                0x00110880                ___main
 .text          0x001108e0      0xb26 obj/main.o
                0x001108e0                FlashLed()
                0x001109e0                Asciihex_to_num(char*)
                0x00110a0e                Num_to_Asciihex(unsigned short, char*)
                0x00110ac6                _main
 .text          0x00111406      0xad8 obj/IRQSG2.o
                0x00111b96                _irq_INTCB1R
                0x00111406                _irq_init
                0x00111a70                _irq_INTTP4CC1
                0x00111ac4                _irq_INTTP5CC0
                0x00111666                _irq_INTP2
                0x001116b6                _irq_INTP4
                0x001119c8                _irq_INTTP3CC0
                0x001118cc                _irq_INTTP1CC0
                0x00111878                _irq_INTTP0CC1
                0x00111526                _irq_RESET
                0x001117fa                _irq_INTTQ0CC3
                0x001114a0                _irq_resetVect
                0x0011163e                _irq_INTP1
                0x00111e36                _irq_INTDMA3
                0x001115c6                _irq_ILGOP_TRAPDB
                0x00111c14                _irq_INTCB2T
                0x00111eb4                _irq_INTWT
                0x00111b42                _irq_INTCB0R_INTIIC1
                0x00111e0c                _irq_INTDMA2
                0x0011184e                _irq_INTTP0CC0
                0x0011194a                _irq_INTTP2CC0
                0x00111a46                _irq_INTTP4CC0
                0x001115ee                _irq_INTLVI
                0x00111a9a                _irq_INTTP5OV
                0x0011199e                _irq_INTTP3OV
                0x00111db8                _irq_INTDMA0
                0x00111d8e                _irq_INTAD
                0x00111aee                _irq_INTTP5CC1
                0x00111706                _irq_INTP6
                0x0011168e                _irq_INTP3
                0x0011154e                _irq_NMI
                0x00111b6c                _irq_INTCB0T
                0x00111756                _irq_INTTQ0OV
                0x001118f6                _irq_INTTP1CC1
                0x00111c68                _irq_INTCB3T
                0x00111d64                _irq_INTUA2T
                0x00111bea                _irq_INTCB2R
                0x00111448                _irq_setVect
                0x00111e60                _irq_INTKR
                0x00111b18                _irq_INTTM0EQ0
                0x00111616                _irq_INTP0
                0x001117a6                _irq_INTTQ0CC1
                0x00111bc0                _irq_INTCB1T
                0x001114d8                _irq_chkErrors
                0x00111d3a                _irq_INTUA2R_INTIIC0
                0x00111974                _irq_INTTP2CC1
                0x00111c3e                _irq_INTCB3R
                0x00111c92                _irq_INTUA0R_INTCB4R
                0x001116de                _irq_INTP5
                0x001119f2                _irq_INTTP3CC1
                0x0011172e                _irq_INTP7
                0x00111576                _irq_TRAP0
                0x00111e8a                _irq_INTWTI
                0x001118a2                _irq_INTTP1OV
                0x00111a1c                _irq_INTTP4OV
                0x0011159e                _irq_TRAP1
                0x00111d10                _irq_INTUA1T
                0x00111cbc                _irq_INTUA0T_INTCB4T
                0x001117d0                _irq_INTTQ0CC2
                0x00111920                _irq_INTTP2OV
                0x00111ce6                _irq_INTUA1R_INTIIC2
                0x00111824                _irq_INTTP0OV
                0x00111de2                _irq_INTDMA1
                0x0011177e                _irq_INTTQ0CC0
 .text          0x00111ede      0x282 obj/ALLOC.o
                0x00111ede                _mem_init
                0x00111f8c                _mem_alloc
                0x00111f4e                _mem_count
                0x00111f68                _mem_left
                0x0011208c                _mem_free
 .text          0x00112160       0xa0 obj/NEW.o
                0x00112182                operator delete(void*)
                0x001121a4                operator new[](unsigned int)
                0x001121d2                operator new(unsigned int)
                0x00112160                operator delete[](void*)
 .text          0x00112200      0x3e4 obj/STRCLASS.o
                0x001124c2                String::String(char const*)
                0x00112200                String::String()
                0x00112222                String::String()
                0x00112244                String::operator=(char const*)
                0x001122ec                String::init(char*)
                0x0011238c                String::String(String const&)
                0x00112534                String::operator=(String const&)
                0x001123ee                String::String(String const&)
                0x00112450                String::String(char const*)
 .text          0x001125e4      0x10c obj/SWTIM.o
                0x001125e4                Timer::Timer()
                0x001125ee                Timer::Timer()
                0x0011264e                IncTimer::getMsec()
                0x001125f8                IncTimer::getTime()
                0x00112686                DecTimer::Match()
 .text          0x001126f0      0x774 obj/util.o
                0x00112710                strset(char*, int)
                0x00112728                HexToInt(int&, char*, int)
                0x00112a72                bubble_sort_array(int, unsigned long*)
                0x0011294e                skipWhites(unsigned char*)
                0x00112a42                addstr(char*, char const*)
                0x001129e8                fsumstr(char*, char*, int, int, int)
                0x001128cc                ltrim(char*)
                0x001128c8                matherr(exception*)
                0x00112cc2                cdaten(char*)
                0x00112d66                IntToHex(int, char*, unsigned int)
                0x001129be                sumstr(char*, char*, int, int)
                0x00112c68                cdate(char*)
                0x00112c1a                chgext(char*, char*)
                0x00112914                rtrim(char*)
                0x00112830                _1on8_to_int(unsigned char)
                0x00112852                windowFilter(short*, short*, int, int, int)
                0x0011297c                packWhites(unsigned char*)
                0x00112aa2                fmtReal(long, int, int)
                0x001126f0                my_pow10(short)
                0x00112b9a                pperc(char*, float, float)
 .text          0x00112e64      0x420 obj/I2C_SW.o
                0x001131f0                _i2c_ack
                0x00112fba                _i2c_putc
                0x00112e74                _i2c_start
                0x00112ef2                _i2c_stop
                0x00113138                _i2c_getc
                0x00112e64                _i2c_delay
                0x00112f6c                _i2c_init
 .text          0x00113284      0x86e obj/I2Ceeprom.o
                0x001133c6                EE_write(void*, unsigned char, unsigned char)
                0x00113666                EE_sequential_random_read(unsigned char, unsigned char*, unsigned char)
                0x00113284                EE_init()
                0x00113a7e                EE_read_current_address(unsigned char*)
                0x001139d0                EE_random_byte_read(unsigned char, unsigned char*)
                0x0011388a                EE_read_word(unsigned char)
                0x00113920                EE_sequential_current_read(unsigned char*, unsigned char)
                0x001137f4                EE_read_int(unsigned char)
                0x0011357a                EE_byte_write(unsigned char, unsigned char)
                0x00113752                EE_read_float(unsigned char)
 .text          0x00113af2      0x664 obj/sioSG2.o
                0x00113d4e                _sio_getc_ch1
                0x00113c16                _sio_disable_rx_interrupt_ch1
                0x00113c66                _sio_disable_tx_interrupt_ch1
                0x00113bf8                _sio_enable_rx_interrupt_ch2
                0x00113de2                _sio_clocksel_ch2
                0x00113c48                _sio_enable_tx_interrupt_ch2
                0x00113f9a                _sio_fill_ch3
                0x00113c3e                _sio_enable_tx_interrupt_ch1
                0x00113b36                _sio_init_ch1
                0x00113c5c                _sio_disable_tx_interrupt_ch0
                0x00114102                _sio_getw_ch3
                0x00113f40                _sio_xfr_ch3
                0x00113c0c                _sio_disable_rx_interrupt_ch0
                0x00113e64                _sio_xfr_ch2
                0x00113f06                _sio_getc_ch3
                0x00113ccc                _sio_getc_ch0
                0x00113d1c                _sio_putc_ch1
                0x00113c2a                _sio_disable_rx_interrupt_ch3
                0x00113c02                _sio_enable_rx_interrupt_ch3
                0x00113be4                _sio_enable_rx_interrupt_ch0
                0x00113c7a                _sio_disable_tx_interrupt_ch3
                0x00113e2a                _sio_getc_ch2
                0x00113c70                _sio_disable_tx_interrupt_ch2
                0x00113efa                _sio_busy_ch3
                0x00113c52                _sio_enable_tx_interrupt_ch3
                0x00113c9a                _sio_putc_ch0
                0x00113e1e                _sio_busy_ch2
                0x00114058                _sio_read_ch3
                0x00113d06                _sio_clocksel_ch1
                0x00113c84                _sio_clocksel_ch0
                0x00113ff6                _sio_write_ch3
                0x00113d42                _sio_busy_ch1
                0x001140bc                _sio_putw_ch3
                0x00113ed4                _sio_putc_ch3
                0x00113b38                _sio_init_ch2
                0x00113cc0                _sio_busy_ch0
                0x00113bee                _sio_enable_rx_interrupt_ch1
                0x00113af2                _sio_init_ch0
                0x00113c34                _sio_enable_tx_interrupt_ch0
                0x00113c20                _sio_disable_rx_interrupt_ch2
                0x00113ebe                _sio_clocksel_ch3
                0x00113d88                _sio_xfr_ch1
                0x00113b3a                _sio_init_ch3
                0x00113df8                _sio_putc_ch2
 .text          0x00114156      0x3e2 obj/SOUND.o
                0x00114284                _goBuzzer
                0x00114194                _shutBuzzer
                0x00114180                _buzzer_isPlaying
                0x00114156                buzzer_stop()
                0x0011421c                buzzer_start()
                0x001142f2                _buzzer_init
                0x00114486                _buzzerManager
                0x001141aa                setPWM(unsigned short, unsigned char)
                0x0011418a                _buzzerSound
 .text          0x00114538     0x4ce6 obj/ADC.o
                0x001149da                CS5530_rstValidDataPresentInADCBuffer()
                0x00116cde                CS5530_sendCmd(CS5530_command, unsigned char*)
                0x0011501e                setSPI1mode()
                0x00115008                txBufferEmptySpi2()
                0x00114ce2                CS5530_setAdcCoding(CS5530_adcCoding)
                0x001153e6                resetAdcValues(unsigned char)
                0x00116c4c                txBufferNotEmpty()
                0x00114fc0                startContinuousConversionSpi2()
                0x00115a24                backup_new_gain_value(unsigned char, float)
                0x00114722                CS5530_Spi1Initialization()
                0x00114d8a                CS5530_setSampleFrequencySpi2(CS5530_sampleFrequecies)
                0x00114698                load_startSampling()
                0x00118e9e                CS5530_resetAdcComunication()
                0x00115476                controlAdcValuesRead()
                0x00115988                backup_date_adc_param(char*)
                0x00114d42                CS5530_setRstSysSpi2(CS5530_rstSys)
                0x00114fa2                CS5530_setOpenCircuitDetectorSpi2(CS5530_openCircuitDetector)
                0x00114fcc                CS5530_setIntGainADConv(int, unsigned char*)
                0x001159ac                backup_calib_state(unsigned char, unsigned char)
                0x00115e84                CS5530_sendCmdSpi2(CS5530_command, unsigned char*)
                0x00117ab4                CS5530_getWatchdogAdcTimer()
                0x0011559e                CS5530_validDataPresentInADCBufferSpi2()
                0x00114aa6                CS5530_setInputShort(CS5530_inputShort)
                0x00114ffe                txBufferIsEmpty()
                0x00114d1e                CS5530_setPowerSafeModeSpi2(CS5530_powerSaveMode)
                0x00114cf4                CS5530_setOpenCircuitDetector(CS5530_openCircuitDetector)
                0x00114d78                CS5530_setLatchBitsSpi2(CS5530_outputLatchBits)
                0x00114a94                CS5530_setRstSys(CS5530_rstSys)
                0x00114a1e                CS5530_checkBlockCells(unsigned long*)
                0x00115bec                get_factory_adc_param()
                0x00115014                txBufferIsEmptySpi2()
                0x00115df2                txBufferNotEmptySpi2()
                0x00115b72                backup_factory_offset_value(unsigned char, unsigned short)
                0x00115a60                reset_backup_factory_values(unsigned char, unsigned char)
                0x00114adc                CS5530_setSampleFrequecy(CS5530_sampleFrequecies)
                0x00114d12                startContinuousConversion()
                0x001183da                CS5530_EntrySpi1()
                0x00114aca                CS5530_setLatchBits(CS5530_outputLatchBits)
                0x00115ac0                backup_factory_gain_param(unsigned char, float, int, int)
                0x00114ab8                CS5530_setVoltageRef(CS5530_voltageRef)
                0x001149e4                CS5530_setCounterWaitingData()
                0x00118f52                CS5530_validDataPresentInADCBuffer()
                0x001146a6                load_stopSampling()
                0x00114fe8                CS5530_rstValidDataPresentInADCBufferSpi2()
                0x00118cfc                adc_serial_init()
                0x00114d54                CS5530_setInputShortSpi2(CS5530_inputShort)
                0x00114d30                CS5530_setPowerDownModeSpi2(CS5530_powerDownMode)
                0x00116c70                SPI_StartTx()
                0x001149ee                CS5530_getCounterWaitingData()
                0x00114d06                endContinuousConversion()
                0x00114ff2                txBufferEmpty()
                0x00115e16                SPI2_StartTx()
                0x00114a70                CS5530_setPowerSafeMode(CS5530_powerSaveMode)
                0x00117ad2                CS5530_EntrySpi2()
                0x00115096                setPINSPI1mode()
                0x00114fb4                endContinuousConversionSpi2()
                0x001150be                setSPI2mode()
                0x00115daa                get_adc_param()
                0x00114f90                CS5530_setAdcCodingSpi2(CS5530_adcCoding)
                0x001159e8                backup_new_offset_value(unsigned char, unsigned short)
                0x001148a6                CS5530_Spi2Initialization()
                0x00118ed0                adc_uC_init()
                0x00114538                samplePower()
                0x001149f8                CS5530_checkBlockComunication(int)
                0x00114a4a                CS5530_setWatchdogAdcTimer(unsigned long)
                0x0011514e                setPINSPI2mode()
                0x00114d66                CS5530_setVoltageRefSpi2(CS5530_voltageRef)
                0x00114a82                CS5530_setPowerDownMode(CS5530_powerDownMode)
 .text          0x0011921e      0x924 obj/PWM.o
                0x00119798                CloseLineEV(int)
                0x00119618                getStateCoverM3300Pump()
                0x0011960e                setStateCoverM3300Pump(bool)
                0x00119504                getCoverPumpState()
                0x00119488                enable_MOT(int)
                0x0011958a                getSpeedPump(int)
                0x00119972                pwmManager()
                0x001194e8                reg_pump_vel(unsigned char, unsigned char)
                0x0011944a                enable_PWM_MOT(int)
                0x001192de                init_PWM_MOT5()
                0x001192d8                init_PWM_MOT2()
                0x001198e4                EVsManager()
                0x001192dc                init_PWM_MOT4()
                0x0011956e                setSpeedPump(int, unsigned char)
                0x00119552                getRampPump(int)
                0x0011951a                setBlockRelay(int, int)
                0x0011953a                setRampPump(int, unsigned char)
                0x001193fa                enable_PWM_EV()
                0x001192da                init_PWM_MOT3()
                0x001194b2                disable_PWM_MOT(int)
                0x001193d2                changeEVstatus(unsigned char)
                0x001195a2                setPwmCycle(int, unsigned char)
                0x00119428                disable_PWM_EV()
                0x001195dc                setPwmMotCycle(int, int)
                0x00119622                OpenLineEV(int)
                0x0011921e                init_PWM_MOT1()
                0x0011939e                set_PWM_EVuC(unsigned char)
                0x001192e0                init_PWM_EVuC()
 .text          0x00119b42     0x165c obj/QUEUEUART.o
                0x0011b13a                RingBuffer::RingBuffer(unsigned int)
                0x0011a62e                QueueUart::GetNumBytesInTransmissionBuffer()
                0x00119dda                UartDeviceAbstraction::SetTransmissionBuffer(unsigned char)
                0x0011a356                UartDeviceAbstraction::TransmitData(unsigned char)
                0x0011a93a                QueueUart::SetReceiveCallBack(void (*)(UartDeviceAbstraction*, unsigned int))
                0x0011ac36                UartDeviceAbstraction::SelectUart1()
                0x0011a3ce                UartDeviceAbstraction::ReceiveData()
                0x00119c4e                UartDeviceAbstraction::TurnOn()
                0x0011aa70                QueueUart::TransmitData(unsigned char const*)
                0x00119eec                UartDeviceAbstraction::IrqHandUA2T(int)
                0x00119bac                RingBuffer::Equals(unsigned char const*, unsigned int)
                0x0011a4d2                QueueUart::TransmitLock()
                0x0011a70e                QueueUart::SetTransmitCallBack(void (*)(UartDeviceAbstraction*, bool))
                0x00119db8                UartDeviceAbstraction::IsTransmissionBufferEmpty()
                0x0011ad32                UartDeviceAbstraction::SelectUart0()
                0x0011a314                UartDeviceAbstraction::StartTransmission()
                0x0011a87a                QueueUart::ReceiveData(unsigned char&)
                0x0011a458                QueueUart::StartTransmission()
                0x0011b11c                RingBuffer::~RingBuffer()
                0x0011a2f8                UartDeviceAbstraction::TransmitLock()
                0x0011a806                QueueUart::ReceiveData(unsigned short*, int&)
                0x0011ae1a                UartDeviceAbstraction::UartDeviceAbstraction(UartDeviceAbstraction::UARTDevice)
                0x0011a5c6                QueueUart::TransmitData(unsigned char const*, int)
                0x00119f1a                UartDeviceAbstraction::IrqHandUA0R(int)
                0x0011a946                QueueUart::GetNumBytesInReceptionBuffer()
                0x0011b076                QueueUart::QueueUart(UartDeviceAbstraction::UARTDevice)
                0x00119bf2                UartDeviceAbstraction::Init()
                0x0011a940                QueueUart::GetReceptionBufferSize()
                0x0011aaba                UartDeviceAbstraction::~UartDeviceAbstraction()
                0x00119e0c                UartDeviceAbstraction::GetReceptionError()
                0x0011a306                UartDeviceAbstraction::TransmitUnlock()
                0x0011a628                QueueUart::GetTransmissionBufferSize()
                0x0011a18a                UartDeviceAbstraction::SetBaudRate(UartDeviceAbstraction::UARTBaudRate, bool)
                0x0011a3c0                UartDeviceAbstraction::ReceiveUnlock()
                0x00119d54                UartDeviceAbstraction::~UartDeviceAbstraction()
                0x00119cf0                UartDeviceAbstraction::~UartDeviceAbstraction()
                0x0011a74e                QueueUart::ReceiveUnlock()
                0x0011a33c                UartDeviceAbstraction::StartTransmission(unsigned char)
                0x00119e90                UartDeviceAbstraction::IrqHandUA0T(int)
                0x0011a77e                QueueUart::ClearReceptionBuffer()
                0x0011b0fe                RingBuffer::~RingBuffer()
                0x0011a550                QueueUart::TransmitData(unsigned char)
                0x0011a714                QueueUart::ReceiveLock()
                0x0011a686                QueueUart::TransmitCallback(UartDeviceAbstraction*)
                0x0011a436                QueueUart::~QueueUart()
                0x00119fb2                UartDeviceAbstraction::IrqHandUA2R(int)
                0x00119ffe                UartDeviceAbstraction::SetParity(UartDeviceAbstraction::UARTParity, bool)
                0x0011a3b2                UartDeviceAbstraction::ReceiveLock()
                0x0011a3a6                UartDeviceAbstraction::ClearError()
                0x0011a520                QueueUart::TransmitUnlock()
                0x0011af04                UartDeviceAbstraction::UartDeviceAbstraction(UartDeviceAbstraction::UARTDevice)
                0x00119df0                UartDeviceAbstraction::GetReceptionBuffer()
                0x0011a8c6                QueueUart::ReceiveData(unsigned char*, int&)
                0x0011a0b2                UartDeviceAbstraction::SetFrameBits(UartDeviceAbstraction::UARTFrameBits, bool)
                0x00119b42                RingBuffer::Clear(bool)
                0x0011a63c                QueueUart::GetFreeBytesInTransmissionBuffer()
                0x0011a954                QueueUart::GetFreeBytesInReceptionBuffer()
                0x0011a9dc                QueueUart::ReceiveCallback(UartDeviceAbstraction*, unsigned int)
                0x0011a79c                QueueUart::ClearTransmissionBuffer()
                0x00119f66                UartDeviceAbstraction::IrqHandUA1R(int)
                0x0011a11e                UartDeviceAbstraction::SetStopBits(UartDeviceAbstraction::UARTStopBits, bool)
                0x0011a7be                QueueUart::ReceiveData(unsigned short&)
                0x00119ebe                UartDeviceAbstraction::IrqHandUA1T(int)
                0x0011ab56                UartDeviceAbstraction::SelectUart2()
                0x0011a40e                UartDeviceAbstraction::SetReceiveCallBack(void (*)(UartDeviceAbstraction*, unsigned int))
                0x0011b16c                RingBuffer::RingBuffer(unsigned int)
                0x00119b7a                RingBuffer::Insert(unsigned char)
                0x00119ca6                UartDeviceAbstraction::TurnOff()
                0x0011ab24                QueueUart::~QueueUart()
                0x0011a414                QueueUart::~QueueUart()
                0x0011a3ac                UartDeviceAbstraction::SetTransmitCallBack(void (*)(UartDeviceAbstraction*))
                0x0011a99e                QueueUart::resetFifo()
                0x0011afee                QueueUart::QueueUart(UartDeviceAbstraction::UARTDevice)
 .text          0x0011b19e      0x756 obj/PROTOCOLSTDUART.o
                0x0011b2fe                stdUartProtocolAbstraction::addDataToReceiveBuffer(unsigned char*, int, int)
                0x0011b758                stdUartProtocolAbstraction::stdUartProtocolAbstraction(UartDeviceAbstraction::UARTDevice)
                0x0011b714                stdUartProtocolAbstraction::~stdUartProtocolAbstraction()
                0x0011b590                stdUartProtocolAbstraction::checkTimeOutElapsed()
                0x0011b736                stdUartProtocolAbstraction::~stdUartProtocolAbstraction()
                0x0011b1a4                stdUartProtocolAbstraction::SetReceiveCallBack(void (*)(UartDeviceAbstraction*, unsigned int))
                0x0011b4be                stdUartProtocolAbstraction::SendCommand(unsigned char*, int, int)
                0x0011b6e2                stdUartProtocolAbstraction::~stdUartProtocolAbstraction()
                0x0011b29a                stdUartProtocolAbstraction::rstError()
                0x0011b826                stdUartProtocolAbstraction::stdUartProtocolAbstraction(UartDeviceAbstraction::UARTDevice)
                0x0011b434                stdUartProtocolAbstraction::popPacketReceived(int&)
                0x0011b1ac                stdUartProtocolAbstraction::restoreIntialCondition()
                0x0011b19e                stdUartProtocolAbstraction::SetDataAnalyseCallBack(bool (*)(unsigned short, stdUartProtocolAbstraction*))
                0x0011b2f6                stdUartProtocolAbstraction::IsTransmissionAvailable()
                0x0011b1bc                stdUartProtocolAbstraction::setError(int, bool)
                0x0011b2b4                stdUartProtocolAbstraction::getLastError()
                0x0011b612                stdUartProtocolAbstraction::Manager()
                0x0011b550                stdUartProtocolAbstraction::setLastDataReceivedBuffer(int)
                0x0011b490                stdUartProtocolAbstraction::calculateChecksum(unsigned char*, unsigned char)
                0x0011b1aa                stdUartProtocolAbstraction::stdUartProtocolAbstractionReceiveCallback(UartDeviceAbstraction*, unsigned int)
                0x0011b2fa                stdUartProtocolAbstraction::IsReceptionAvailable()
                0x0011b474                stdUartProtocolAbstraction::getNewPacketReceived()
                0x0011b35c                stdUartProtocolAbstraction::setReceivedOpCode(int)
                0x0011b2ba                stdUartProtocolAbstraction::popError()
                0x0011b47a                stdUartProtocolAbstraction::rstNewPacketReceived()
 .text          0x0011b8f4     0x1eb2 obj/PROTOCOLSIFRA.o
                0x0011bf38                SIFRAProtocol::getMsg()
                0x0011bc3c                SIFRAProtocol::SIFRA_getStatusCmdDecode()
                0x0011bfa0                SIFRAProtocol::jumpToLoaderHandler()
                0x0011ba86                SIFRAProtocol::SIFRA_getInfoCmdDecode()
                0x0011d70a                SIFRAProtocol::SIFRAProtocol(UartDeviceAbstraction::UARTDevice, int)
                0x0011be8a                SIFRAProtocol::checksum(unsigned char, unsigned char, unsigned char)
                0x0011b9de                SIFRAProtocol::SIFRA_decodeScalesPhaseCmd(unsigned char*)
                0x0011bddc                SIFRAProtocol::getLastRemoteNodeID()
                0x0011bcea                SIFRAProtocol::SIFRA_setZeroCell8_Cell15()
                0x0011bcc2                SIFRAProtocol::SIFRA_setResetCalib()
                0x0011b8f4                SIFRAProtocol::SIFRA_decodeStartCmd(unsigned char*)
                0x0011bbdc                SIFRAProtocol::SIFRA_setScalesNotCalib()
                0x0011bc9c                SIFRAProtocol::SIFRA_setZeroVerification()
                0x0011bd38                SIFRAProtocol::SIFRA_setGainCell15()
                0x0011cd0c                SIFRAProtocol::Manager()
                0x0011b9be                SIFRAProtocol::SIFRA_decodeWeightSensibilityCmd(unsigned char*)
                0x0011bec4                SIFRAProtocol::sendMsg(int)
                0x0011bde2                SIFRAProtocol::checkOpCode(unsigned char, int, int&)
                0x0011c9a8                SIFRAProtocol::sendSIFRAStatus()
                0x0011b9ce                SIFRAProtocol::SIFRA_decodeRestartFormulaCmd(unsigned char*)
                0x0011c11e                SIFRAProtocol::sendSIFRARamDebug()
                0x0011d260                SIFRAProtocol::SIFRADataAnalyse(unsigned short, stdUartProtocolAbstraction*)
                0x0011bd60                SIFRAProtocol::SIFRA_setJumpToLoader()
                0x0011bad2                SIFRAProtocol::SIFRA_getDebugStartCmdDecode()
                0x0011bb1e                SIFRAProtocol::SIFRA_getDebugRamCmdDecode()
                0x0011bdd6                SIFRAProtocol::setLastRemoteNodeID(unsigned char)
                0x0011d66e                SIFRAProtocol::SIFRAProtocol(UartDeviceAbstraction::UARTDevice, int)
                0x0011bdd0                SIFRAProtocol::getLocalNodeID()
                0x0011c64a                SIFRAProtocol::sendSIFRAViaDebug()
                0x0011bd88                SIFRAProtocol::resetApplicationHandler()
                0x0011cbf4                SIFRAProtocol::sendSIFRAStart()
                0x0011bb6a                SIFRAProtocol::SIFRA_restartWeightCoverControl()
                0x0011d63c                SIFRAProtocol::~SIFRAProtocol()
                0x0011c0bc                SIFRAProtocol::sendAcknowledge()
                0x0011bb44                SIFRAProtocol::SIFRA_setWeightSensibility()
                0x0011bc62                SIFRAProtocol::SIFRA_setStart()
                0x0011d5f8                SIFRAProtocol::~SIFRAProtocol()
                0x0011d61a                SIFRAProtocol::~SIFRAProtocol()
                0x0011bbb6                SIFRAProtocol::SIFRA_setScalesPhase()
                0x0011b9fa                SIFRAProtocol::sendSIFRALoadSamples(float)
                0x0011c532                SIFRAProtocol::sendSIFRAStartDebug()
                0x0011bdca                SIFRAProtocol::setLocalNodeID(unsigned char)
                0x0011c836                SIFRAProtocol::sendSIFRAInfo()
                0x0011baf8                SIFRAProtocol::SIFRA_getDebugStatusCmdDecode()
                0x0011baac                SIFRAProtocol::SIFRA_getDebugViaCmdDecode()
                0x0011bd10                SIFRAProtocol::SIFRA_setGainCell8()
                0x0011bb90                SIFRAProtocol::SIFRA_restartFormula()
                0x0011bc02                SIFRAProtocol::SIFRA_set_Stop_All()
                0x0011c2f2                SIFRAProtocol::sendSIFRAStatusDebug()
 .text          0x0011d7a6     0x9720 obj/CPUSIFRA_MANAGER.o
                0x0011d8d8                SIFRA_Manager::SIFRAMsg_startAcquisitionHandler()
                0x0011d7aa                SIFRA_Manager::SIFRABreak_Manager()
                0x001217a4                SIFRA_Manager::SIFRARisciacquo_Manager(int)
                0x0011f8ee                SIFRA_Manager::Verifica_encoder_motori()
                0x0011da72                SIFRA_Manager::readLoadInLine8()
                0x0011de0a                SIFRA_Manager::Find_Num_of_Enabled_Lines(unsigned char)
                0x00122c86                SIFRA_Manager::SIFRASacca_Manager()
                0x0011e0ee                SIFRA_Manager::salva_rapporto_flussopeso(int)
                0x001214e8                SIFRA_Manager::SIFRAService_Manager()
                0x0011ddc2                SIFRA_Manager::controllo_vuoto(int)
                0x0011e04c                SIFRA_Manager::calc_flusso_pompa()
                0x0011da5c                SIFRA_Manager::SifraStopTimers()
                0x0011e93e                SIFRA_Manager::SIFRA_resetStatusErrorStop()
                0x00123a6c                SIFRA_Manager::SIFRAMsg_debugRamAskedHandler()
                0x0011dbba                SIFRA_Manager::setErrorEEpromReading()
                0x0012396e                SIFRA_Manager::SIFRATest_OpenMoreEVs()
                0x001215e8                SIFRA_Manager::SIFRAST_Manager(int)
                0x0011fffa                SIFRA_Manager::Read_Param_Backup()
                0x0011f820                SIFRA_Manager::calc_next_theor_weight(int)
                0x00126b12                SIFRA_Manager::SIFRA_Manager(SIFRAProtocol*)
                0x0011e9c4                SIFRA_Manager::set_unstable_threshold(unsigned char)
                0x0011dd2e                SIFRA_Manager::getSIFRApreviousStatus()
                0x0011d7a8                SIFRA_Manager::~SIFRA_Manager()
                0x0012026e                SIFRA_Manager::Backup_StatoStart()
                0x0011dd38                SIFRA_Manager::getSIFRAphase()
                0x00123adc                SIFRA_Manager::SIFRAMsg_infoAskedHandler()
                0x0011d966                SIFRA_Manager::SifraResetViaStatus()
                0x0011e00c                SIFRA_Manager::ResetMotorStepCounter()
                0x0011f9f8                SIFRA_Manager::controllo_non_cala(int, int)
                0x0011fd5c                SIFRA_Manager::SIFRARampe_Manager(unsigned char, unsigned char)
                0x00124dd0                SIFRA_Manager::SIFRATest_FlussoPompa(int)
                0x00120904                SIFRA_Manager::readZeroInBothLine()
                0x00123af8                SIFRA_Manager::SIFRAMsg_statusAskedHandler()
                0x0011feca                SIFRA_Manager::SifraResetStateMachine()
                0x0011e612                SIFRA_Manager::calc_param_weight(ChannelsBackupParam*)
                0x00123b4c                SIFRA_Manager::Decode_StartMsg()
                0x0011e478                SIFRA_Manager::check_volume_error(int)
                0x0011fcd4                SIFRA_Manager::SIFRASpeedPump_Manager(unsigned char)
                0x0012536a                SIFRA_Manager::SIFRACalibr_Manager()
                0x00121356                SIFRA_Manager::SIFRAOpenLineEV(int)
                0x0011dd42                SIFRA_Manager::controllo_flussopeso(long, unsigned short, float)
                0x0011dbc6                SIFRA_Manager::GetSystemLoad(unsigned long*)
                0x0011d9b2                SIFRA_Manager::SifraResetStartCmd()
                0x00120c7c                SIFRA_Manager::DefaultSystemReset()
                0x0011e03a                SIFRA_Manager::getStatePump(int)
                0x0011d8e2                SIFRA_Manager::SIFRAMsg_resetApplicationHandler()
                0x0011e8c2                SIFRA_Manager::Encoder_counter()
                0x00120d9a                SIFRA_Manager::SIFRATestPinch()
                0x0011e294                SIFRA_Manager::Init_Variables()
                0x00120ca2                SIFRA_Manager::SIFRAStop_Manager()
                0x0011e1c8                SIFRA_Manager::Set_START_Erogazione(int)
                0x0011d93a                SIFRA_Manager::SIFRAMsg_protocolErrorHandler()
                0x00120d82                SIFRA_Manager::SIFRACloseLineEV(int)
                0x001225d4                SIFRA_Manager::SIFRAManual_Manager(int)
                0x0011e752                SIFRA_Manager::AdattaPesoSpecifico(unsigned short)
                0x0011dcc2                SIFRA_Manager::SIFRASetScalesPhase(unsigned char, unsigned char)
                0x0011fb6e                SIFRA_Manager::FlashLed_hw_error()
                0x0011e6a2                SIFRA_Manager::aggiorna_capacita(unsigned short, unsigned short, float)
                0x0011d9e6                SIFRA_Manager::SifraResetFillingData()
                0x0011ffaa                SIFRA_Manager::Read_Param_Encoder()
                0x0011eb7c                SIFRA_Manager::Verifica_peso_massimo()
                0x00120c24                SIFRA_Manager::SifraResetSystemParams()
                0x0011e964                SIFRA_Manager::SIFRA_resetStatusError()
                0x001201fa                SIFRA_Manager::default_struttura_flussopeso()
                0x0011ea36                SIFRA_Manager::SIFRAPhase_manager()
                0x0011e8f0                SIFRA_Manager::EncoderPumpsControl()
                0x0011ec76                SIFRA_Manager::Verifica_celle()
                0x0012566e                SIFRA_Manager::SIFRASetScalesNotCalib()
                0x00121204                SIFRA_Manager::SIFRAError_Manager()
                0x0012004e                SIFRA_Manager::DownLoad_StatoStart()
                0x0011da10                SIFRA_Manager::SifraResetServiceData()
                0x0011e230                SIFRA_Manager::set_air_alarm(int)
                0x0011de4a                SIFRA_Manager::Find_Enable_line(unsigned char)
                0x0011e172                SIFRA_Manager::setta_led_pannello(int, bool)
                0x0011fe94                SIFRA_Manager::setStatePump(int, int)
                0x001256c6                SIFRA_Manager::SIFRASample_Manager()
                0x0012053c                SIFRA_Manager::readLoadInLine15()
                0x0011e3fa                SIFRA_Manager::check_conditions(int)
                0x0011d924                SIFRA_Manager::SIFRAMsg_hwErrorHandler()
                0x0011e720                SIFRA_Manager::ViaDaEseguire()
                0x0012675e                SIFRA_Manager::SIFRA_Manager(SIFRAProtocol*)
                0x00123b14                SIFRA_Manager::SIFRAMsg_setStartHandler()
                0x0011d7a6                SIFRA_Manager::~SIFRA_Manager()
                0x001261f2                SIFRA_Manager::Manager()
                0x00120bf0                SIFRA_Manager::SifraResetStatus()
                0x00120156                SIFRA_Manager::Write_Param_Encoder()
                0x0011e984                SIFRA_Manager::Set_weight_threshold()
                0x0011def8                SIFRA_Manager::read_encoder_motors(int)
                0x00125d20                SIFRA_Manager::SIFRAcheck_new_command()
                0x0011dc9a                SIFRA_Manager::changeSIFRAstatus(unsigned char)
                0x0011da1e                SIFRA_Manager::SifraResetBackup()
                0x0011ed40                SIFRA_Manager::SIFRAAirIn_Manager()
                0x001201a6                SIFRA_Manager::Write_Param_Backup()
                0x0011d950                SIFRA_Manager::SIFRAMsg_unknownErrorHandler()
                0x0011eb1e                SIFRA_Manager::SIFRACalibResetData()
                0x00120336                SIFRA_Manager::VerificaESD_Damage()
                0x00123aa4                SIFRA_Manager::SIFRAMsg_debugStartAskedHandler()
                0x0011f17c                SIFRA_Manager::SIFRATestLed_Manager()
                0x00121d3a                SIFRA_Manager::SIFRART_Manager(int)
                0x0011de68                SIFRA_Manager::Setta_filtro_peso(int)
                0x001204e6                SIFRA_Manager::SetHardwareVersion()
                0x001213f6                SIFRA_Manager::SIFRATestEMC_Manager()
                0x0011d820                SIFRA_Manager::SIFRAWeightControlRestart(char)
                0x00124716                SIFRA_Manager::SIFRALed_Manager()
                0x0011dd24                SIFRA_Manager::getSIFRAstatus()
                0x00123b30                SIFRA_Manager::SIFRAMsg_setStopAllHandler()
                0x00124f22                SIFRA_Manager::SIFRATest_Pompe(int)
                0x00123ac0                SIFRA_Manager::SIFRAMsg_debugViaAskedHandler()
                0x0011e998                SIFRA_Manager::LoadControl()
                0x0011ff34                SIFRA_Manager::Verifica_apertura_sportello()
                0x0011e202                SIFRA_Manager::reset_state_this_led(int, bool)
                0x0011e6f6                SIFRA_Manager::controllo_capacita_iniziale(unsigned short)
                0x00123a88                SIFRA_Manager::SIFRAMsg_debugStatusAskedHandler()
                0x0011e7aa                SIFRA_Manager::UpdateDebugStruct()
                0x0011df44                SIFRA_Manager::encoder_updateCnt()
 .text          0x00126ec6      0x792 obj/NVRDRV.o
                0x00126f94                _nvr_chkRead
                0x001273b0                _nvr_readUserChkBlock
                0x0012706c                _nvr_writeUserChkBlock
                0x0012700c                _drv_writeMem
                0x0012747e                _nvr_readParam
                0x00126ec6                _nvr_init
                0x00127110                _nvr_writeParam
                0x00127278                _nvr_chkVerify
                0x00127046                _nvr_chkWrite
                0x00126efe                _nvr_setDeviceAddress
                0x0012723a                _nvr_writeUserMem
                0x00126fce                _nvr_readUserMem
                0x00126ee8                _nvr_errors
                0x00126f5a                _drv_readMem
                0x00126f1c                _nvr_chkCalcBuf
 .text          0x00127658      0x2aa obj/LEDS_PANEL.o
                0x001277b8                _switchoff_leds
                0x00127658                _LedDrivers_clearFifo
                0x001276b0                _switchon_red_leds
                0x00127760                _switchon_leds
                0x0012789c                _LedDrivers_init
                0x00127676                _LedDrivers_sendData
                0x00127800                _LedDrivers_DisplayTest
                0x00127708                _switchon_green_leds
 .text          0x00127902       0x20 c:\gcc850\lib\libc.a(lib_a-atoi.o)
                0x00127912                _atoi
                0x00127902                __atoi_r
 .text          0x00127922       0x20 c:\gcc850\lib\libc.a(lib_a-memcpy.o)
                0x00127922                _memcpy
 .text          0x00127942       0x1a c:\gcc850\lib\libc.a(lib_a-memset.o)
                0x00127942                _memset
 .text          0x0012795c       0xa6 c:\gcc850\lib\libc.a(lib_a-sprintf.o)
                0x0012795c                _sprintf
                0x001279b2                __sprintf_r
 .text          0x00127a02       0x34 c:\gcc850\lib\libc.a(lib_a-strcmp.o)
                0x00127a02                _strcmp
 .text          0x00127a36       0x20 c:\gcc850\lib\libc.a(lib_a-strcpy.o)
                0x00127a36                _strcpy
 .text          0x00127a56       0x1a c:\gcc850\lib\libc.a(lib_a-strlen.o)
                0x00127a56                _strlen
 .text          0x00127a70      0x226 c:\gcc850\lib\libc.a(lib_a-strtol.o)
                0x00127c7c                _strtol
                0x00127a70                __strtol_r
 .text          0x00127c96     0x1a6a c:\gcc850\lib\libc.a(lib_a-svfprintf.o)
                0x00127e40                __svfprintf_r
 .text          0x00129700        0x0 c:\gcc850\lib\libc.a(lib_a-ctype_.o)
 .text          0x00129700     0x1530 c:\gcc850\lib\libc.a(lib_a-dtoa.o)
                0x0012990e                __dtoa_r
 .text          0x0012ac30      0x324 c:\gcc850\lib\libc.a(lib_a-freer.o)
                0x0012ac30                __malloc_trim_r
                0x0012ad00                __free_r
 .text          0x0012af54        0x0 c:\gcc850\lib\libc.a(lib_a-impure.o)
 .text          0x0012af54       0x9a c:\gcc850\lib\libc.a(lib_a-locale.o)
                0x0012afd8                _setlocale
                0x0012af72                __setlocale_r
                0x0012af54                ___locale_charset
                0x0012af68                _localeconv
                0x0012af5e                __localeconv_r
 .text          0x0012afee      0x6a8 c:\gcc850\lib\libc.a(lib_a-mallocr.o)
                0x0012afee                __malloc_r
 .text          0x0012b696       0x32 c:\gcc850\lib\libc.a(lib_a-memchr.o)
                0x0012b696                _memchr
 .text          0x0012b6c8       0x48 c:\gcc850\lib\libc.a(lib_a-memmove.o)
                0x0012b6c8                _memmove
 .text          0x0012b710        0x4 c:\gcc850\lib\libc.a(lib_a-mlock.o)
                0x0012b710                ___malloc_lock
                0x0012b712                ___malloc_unlock
 .text          0x0012b714      0xbc8 c:\gcc850\lib\libc.a(lib_a-mprec.o)
                0x0012bb44                ___d2b
                0x0012ba6c                ___any_on
                0x0012b7fe                ___mcmp
                0x0012be52                ___multiply
                0x0012b88e                ___b2d
                0x0012ba1e                ___copybits
                0x0012bc44                ___mdiff
                0x0012c21c                ___s2b
                0x0012b782                ___lo0bits
                0x0012bad6                __Balloc
                0x0012b9c4                __mprec_log10
                0x0012c096                ___multadd
                0x0012b950                ___ratio
                0x0012c07c                ___i2b
                0x0012c15a                ___pow5mult
                0x0012bd70                ___lshift
                0x0012b714                __Bfree
                0x0012b732                ___hi0bits
                0x0012b83a                ___ulp
 .text          0x0012c2dc      0x452 c:\gcc850\lib\libc.a(lib_a-reallocr.o)
                0x0012c2dc                __realloc_r
 .text          0x0012c72e       0x26 c:\gcc850\lib\libc.a(lib_a-s_isinfd.o)
                0x0012c72e                ___isinfd
 .text          0x0012c754       0x1e c:\gcc850\lib\libc.a(lib_a-s_isnand.o)
                0x0012c754                ___isnand
 .text          0x0012c772       0x2a c:\gcc850\lib\libc.a(lib_a-sbrkr.o)
                0x0012c772                __sbrk_r
 .text          0x0012c79c       0x16 c:\gcc850\lib\libc.a(lib_a-stat.o)
                0x0012c79c                __stat
 .text          0x0012c7b2       0x12 c:\gcc850\lib\libc.a(lib_a-trap.o)
                0x0012c7b2                ___trap0
 .text          0x0012c7c4       0x8a c:\gcc850\lib\libc.a(lib_a-callocr.o)
                0x0012c7c4                __calloc_r
 .text          0x0012c84e       0x5e c:\gcc850\lib\libc.a(lib_a-sbrk.o)
                0x0012c84e                __sbrk
 .text          0x0012c8ac       0x16 c:\gcc850\lib\libc.a(lib_a-write.o)
                0x0012c8ac                __write
 .text          0x0012c8c2       0x10 c:\gcc850\lib\libc.a(lib_a-abort.o)
                0x0012c8c2                _abort
 .text          0x0012c8d2      0x1a8 c:\gcc850\lib\libc.a(lib_a-signal.o)
                0x0012c8d2                __raise_r
                0x0012ca04                ___sigtramp
                0x0012c93e                _raise
                0x0012c990                __init_signal
                0x0012c9a0                ___sigtramp_r
                0x0012ca64                _signal
                0x0012ca16                __signal_r
                0x0012c950                __init_signal_r
 .text          0x0012ca7a       0x3a c:\gcc850\lib\libc.a(lib_a-signalr.o)
                0x0012ca7a                __getpid_r
                0x0012ca86                __kill_r
 .text          0x0012cab4       0x4a c:\gcc850\lib\libc.a(lib_a-_Exit.o)
                0x0012cab4                __exit
 .text          0x0012cafe        0x4 c:\gcc850\lib\libc.a(lib_a-getpid.o)
                0x0012cafe                __getpid
 .text          0x0012cb02       0x18 c:\gcc850\lib\libc.a(lib_a-kill.o)
                0x0012cb02                __kill
 .text          0x0012cb1a       0x3e c:\gcc850\lib\libgcc.a(_mulsi3.o)
                0x0012cb1a                ___mulsi3
 .text          0x0012cb58       0x32 c:\gcc850\lib\libgcc.a(_divsi3.o)
                0x0012cb58                ___divsi3
 .text          0x0012cb8a       0x36 c:\gcc850\lib\libgcc.a(_udivsi3.o)
                0x0012cb8a                ___udivsi3
 .text          0x0012cbc0       0x2a c:\gcc850\lib\libgcc.a(_modsi3.o)
                0x0012cbc0                ___modsi3
 .text          0x0012cbea       0x2a c:\gcc850\lib\libgcc.a(_umodsi3.o)
                0x0012cbea                ___umodsi3
 .text          0x0012cc14       0x68 c:\gcc850\lib\libgcc.a(_save_20c.o)
                0x0012cc48                __return_r20_r31
                0x0012cc14                __save_r20_r31
 .text          0x0012cc7c       0x50 c:\gcc850\lib\libgcc.a(_save_23c.o)
                0x0012cc7c                __save_r23_r31
                0x0012cca4                __return_r23_r31
 .text          0x0012cccc       0x40 c:\gcc850\lib\libgcc.a(_save_25c.o)
                0x0012ccec                __return_r25_r31
                0x0012cccc                __save_r25_r31
 .text          0x0012cd0c       0x38 c:\gcc850\lib\libgcc.a(_save_26c.o)
                0x0012cd28                __return_r26_r31
                0x0012cd0c                __save_r26_r31
 .text          0x0012cd44       0x30 c:\gcc850\lib\libgcc.a(_save_27c.o)
                0x0012cd44                __save_r27_r31
                0x0012cd5c                __return_r27_r31
 .text          0x0012cd74       0x28 c:\gcc850\lib\libgcc.a(_save_28c.o)
                0x0012cd74                __save_r28_r31
                0x0012cd88                __return_r28_r31
 .text          0x0012cd9c       0x20 c:\gcc850\lib\libgcc.a(_save_29c.o)
                0x0012cdac                __return_r29_r31
                0x0012cd9c                __save_r29_r31
 .text          0x0012cdbc       0x18 c:\gcc850\lib\libgcc.a(_save_31c.o)
                0x0012cdc8                __return_r31
                0x0012cdbc                __save_r31
 .text          0x0012cdd4       0x14 c:\gcc850\lib\libgcc.a(_save_varargs.o)
                0x0012cdd4                __save_r6_r9
 .text          0x0012cde8       0x36 c:\gcc850\lib\libgcc.a(_fixunssfsi.o)
                0x0012cde8                ___fixunssfsi
 .text          0x0012ce1e      0x25e c:\gcc850\lib\libgcc.a(_addsub_sf.o)
                0x0012cfc4                ___subsf3
                0x0012d026                ___addsf3
 .text          0x0012d07c      0x174 c:\gcc850\lib\libgcc.a(_mul_sf.o)
                0x0012d07c                ___mulsf3
 .text          0x0012d1f0      0x11c c:\gcc850\lib\libgcc.a(_div_sf.o)
                0x0012d1f0                ___divsf3
 .text          0x0012d30c       0x66 c:\gcc850\lib\libgcc.a(_ne_sf.o)
                0x0012d30c                ___nesf2
 .text          0x0012d372       0x60 c:\gcc850\lib\libgcc.a(_gt_sf.o)
                0x0012d372                ___gtsf2
 .text          0x0012d3d2       0x60 c:\gcc850\lib\libgcc.a(_ge_sf.o)
                0x0012d3d2                ___gesf2
 .text          0x0012d432       0x66 c:\gcc850\lib\libgcc.a(_lt_sf.o)
                0x0012d432                ___ltsf2
 .text          0x0012d498       0x66 c:\gcc850\lib\libgcc.a(_le_sf.o)
                0x0012d498                ___lesf2
 .text          0x0012d4fe       0x70 c:\gcc850\lib\libgcc.a(_si_to_sf.o)
                0x0012d4fe                ___floatsisf
 .text          0x0012d56e       0x82 c:\gcc850\lib\libgcc.a(_sf_to_si.o)
                0x0012d56e                ___fixsfsi
 .text          0x0012d5f0        0x0 c:\gcc850\lib\libgcc.a(_thenan_sf.o)
 .text          0x0012d5f0       0x7a c:\gcc850\lib\libgcc.a(_usi_to_sf.o)
                0x0012d5f0                ___floatunsisf
 .text          0x0012d66a      0x3fa c:\gcc850\lib\libgcc.a(_addsub_df.o)
                0x0012d99c                ___subdf3
                0x0012da06                ___adddf3
 .text          0x0012da64      0x270 c:\gcc850\lib\libgcc.a(_mul_df.o)
                0x0012da64                ___muldf3
 .text          0x0012dcd4      0x188 c:\gcc850\lib\libgcc.a(_div_df.o)
                0x0012dcd4                ___divdf3
 .text          0x0012de5c       0x6e c:\gcc850\lib\libgcc.a(_eq_df.o)
                0x0012de5c                ___eqdf2
 .text          0x0012deca       0x6e c:\gcc850\lib\libgcc.a(_ne_df.o)
                0x0012deca                ___nedf2
 .text          0x0012df38       0x68 c:\gcc850\lib\libgcc.a(_gt_df.o)
                0x0012df38                ___gtdf2
 .text          0x0012dfa0       0x68 c:\gcc850\lib\libgcc.a(_ge_df.o)
                0x0012dfa0                ___gedf2
 .text          0x0012e008       0x6e c:\gcc850\lib\libgcc.a(_lt_df.o)
                0x0012e008                ___ltdf2
 .text          0x0012e076       0x9e c:\gcc850\lib\libgcc.a(_si_to_df.o)
                0x0012e076                ___floatsidf
 .text          0x0012e114       0xaa c:\gcc850\lib\libgcc.a(_df_to_si.o)
                0x0012e114                ___fixdfsi
 .text          0x0012e1be        0x0 c:\gcc850\lib\libgcc.a(_thenan_df.o)
 .text          0x0012e1be       0xc2 c:\gcc850\lib\libgcc.a(_usi_to_df.o)
                0x0012e1be                ___floatunsidf
 .text          0x0012e280       0x12 c:\gcc850\lib\libgcc.a(_ucmpdi2.o)
                0x0012e280                ___ucmpdi2
 .text          0x0012e292       0xde c:\gcc850\lib\libgcc.a(_muldi3.o)
                0x0012e292                ___muldi3
 .text          0x0012e370       0x58 c:\gcc850\lib\libgcc.a(_clzsi2.o)
                0x0012e370                ___clzsi2
 .text          0x0012e3c8      0x118 c:\gcc850\lib\libgcc.a(_pack_sf.o)
                0x0012e3c8                ___pack_f
 .text          0x0012e4e0       0xaa c:\gcc850\lib\libgcc.a(_unpack_sf.o)
                0x0012e4e0                ___unpack_f
 .text          0x0012e58a       0x8c c:\gcc850\lib\libgcc.a(_fpcmp_parts_sf.o)
                0x0012e58a                ___fpcmp_parts_f
 .text          0x0012e616      0x1fc c:\gcc850\lib\libgcc.a(_pack_df.o)
                0x0012e616                ___pack_d
 .text          0x0012e812       0xda c:\gcc850\lib\libgcc.a(_unpack_df.o)
                0x0012e812                ___unpack_d
 .text          0x0012e8ec       0xa4 c:\gcc850\lib\libgcc.a(_fpcmp_parts_df.o)
                0x0012e8ec                ___fpcmp_parts_d
 .text          0x0012e990        0x0 c:\gcc850\lib\libgcc.a(_clz.o)
                0x0012e990                . = ALIGN (0x10)
 *(.call_table_text)
 *(.gnu.warning)
 *(.gnu.linkonce.t*)
 .gnu.linkonce.t._ZN9HwChannelItLi5EE13physicalValueEt
                0x0012e990       0x3a obj/main.o
                0x0012e990                HwChannel<unsigned short, 5>::physicalValue(unsigned short)
 .gnu.linkonce.t._ZN9HwChannelImLi10EE13physicalValueEm
                0x0012e9ca       0x36 obj/main.o
                0x0012e9ca                HwChannel<unsigned long, 10>::physicalValue(unsigned long)
 .gnu.linkonce.t._ZN20VoltageHwChanManagerItLi5EE14getChannelTypeEv
                0x0012ea00        0xe obj/main.o
                0x0012ea00                VoltageHwChanManager<unsigned short, 5>::getChannelType()
 .gnu.linkonce.t._ZN13HwChanManagerItLi5EE14getChannelTypeEv
                0x0012ea0e        0x4 obj/main.o
                0x0012ea0e                HwChanManager<unsigned short, 5>::getChannelType()
 .gnu.linkonce.t._ZN13HwChanManagerImLi10EE14getChannelTypeEv
                0x0012ea12        0x4 obj/main.o
                0x0012ea12                HwChanManager<unsigned long, 10>::getChannelType()
 .gnu.linkonce.t._ZN6StringD0Ev
                0x0012ea16       0x4e obj/STRCLASS.o
                0x0012ea16                String::~String()
 .gnu.linkonce.t._ZN6StringD1Ev
                0x0012ea64       0x26 obj/STRCLASS.o
                0x0012ea64                String::~String()
 .gnu.linkonce.t._ZN21UartDeviceAbstraction9GetParityEv
                0x0012ea8a        0x6 obj/QUEUEUART.o
                0x0012ea8a                UartDeviceAbstraction::GetParity()
 .gnu.linkonce.t._ZN21UartDeviceAbstraction12GetFrameBitsEv
                0x0012ea90        0x6 obj/QUEUEUART.o
                0x0012ea90                UartDeviceAbstraction::GetFrameBits()
 .gnu.linkonce.t._ZN21UartDeviceAbstraction11GetStopBitsEv
                0x0012ea96        0x6 obj/QUEUEUART.o
                0x0012ea96                UartDeviceAbstraction::GetStopBits()
 .gnu.linkonce.t._ZN21UartDeviceAbstraction11GetBaudRateEv
                0x0012ea9c        0x6 obj/QUEUEUART.o
                0x0012ea9c                UartDeviceAbstraction::GetBaudRate()
 .gnu.linkonce.t._ZN21UartDeviceAbstraction12GetLastErrorEv
                0x0012eaa2        0x6 obj/QUEUEUART.o
                0x0012eaa2                UartDeviceAbstraction::GetLastError()
 .gnu.linkonce.t._ZN21UartDeviceAbstraction8SetErrorEi
                0x0012eaa8        0x6 obj/QUEUEUART.o
                0x0012eaa8                UartDeviceAbstraction::SetError(int)
 .gnu.linkonce.t._ZN9QueueUart6TurnOnEv
                0x0012eaae       0x16 obj/QUEUEUART.o
                0x0012eaae                QueueUart::TurnOn()
 .gnu.linkonce.t._ZN9QueueUart7TurnOffEv
                0x0012eac4       0x16 obj/QUEUEUART.o
                0x0012eac4                QueueUart::TurnOff()
 .gnu.linkonce.t._ZN26stdUartProtocolAbstraction7sendMsgEi
                0x0012eada        0x4 obj/PROTOCOLSTDUART.o
                0x0012eada                stdUartProtocolAbstraction::sendMsg(int)
 .gnu.linkonce.t._ZN26stdUartProtocolAbstraction6getMsgEv
                0x0012eade        0x4 obj/PROTOCOLSTDUART.o
                0x0012eade                stdUartProtocolAbstraction::getMsg()
 .gnu.linkonce.t._ZN26stdUartProtocolAbstraction23ClearTransmissionBufferEv
                0x0012eae2       0x16 obj/PROTOCOLSTDUART.o
                0x0012eae2                stdUartProtocolAbstraction::ClearTransmissionBuffer()
 .gnu.linkonce.t._ZN26stdUartProtocolAbstraction31GetNumBytesInTransmissionBufferEv
                0x0012eaf8       0x16 obj/PROTOCOLSTDUART.o
                0x0012eaf8                stdUartProtocolAbstraction::GetNumBytesInTransmissionBuffer()
 .gnu.linkonce.t._ZN26stdUartProtocolAbstraction7TurnOffEv
                0x0012eb0e       0x16 obj/PROTOCOLSTDUART.o
                0x0012eb0e                stdUartProtocolAbstraction::TurnOff()
 .gnu.linkonce.t._ZN26stdUartProtocolAbstraction6TurnOnEv
                0x0012eb24       0x16 obj/PROTOCOLSTDUART.o
                0x0012eb24                stdUartProtocolAbstraction::TurnOn()
 .gnu.linkonce.t._ZN13SIFRAProtocol31GetNumBytesInTransmissionBufferEv
                0x0012eb3a       0x16 obj/PROTOCOLSIFRA.o
                0x0012eb3a                SIFRAProtocol::GetNumBytesInTransmissionBuffer()

.ctors          0x0012eb50       0x18
                0x0012eb50                . = ALIGN (0x10)
                0x0012eb50                ___ctors = .
 *(.ctors)
 .ctors         0x0012eb50        0x4 obj/SWTIM.o
 .ctors         0x0012eb54        0x4 obj/SOUND.o
 .ctors         0x0012eb58        0x4 obj/ADC.o
 .ctors         0x0012eb5c        0x4 obj/PWM.o
 .ctors         0x0012eb60        0x4 obj/PROTOCOLSIFRA.o
 .ctors         0x0012eb64        0x4 obj/LEDS_PANEL.o
                0x0012eb68                ___ctors_end = .

.dtors          0x0012eb68        0x0
                0x0012eb68                ___dtors = .
 *(.dtors)
                0x0012eb68                ___dtors_end = .
                0x0012f000                . = ALIGN (0x1000)
                0x0012f000                __etext = .
                0x0012f000                PROVIDE (_etext, .)

.ramcode        0x00000000        0x0 load address 0x0012f000
                0x00000000                __ramcode_start = .
 *(.ramcode)
                0x00000000                . = ALIGN (0x4)
                0x00000000                __ramcode_end = .
                0x00000000                PROVIDE (_intflash_end, __ramcode_end)
                0x00000000                __message_start = 0x0
                0x00000000                __message_end = 0x0

.rodata         0x00140000      0x9f0
                0x00140000                . = ALIGN (0x4)
                0x00140000                __rodata_start = .
 *(.rodata)
 .rodata        0x00140000       0x38 obj/main.o
                0x00140000                _sAppName
                0x0014000a                _sAppRevision
                0x0014001c                _sAppDate
                0x00140013                _sHwVersion
                0x00140034                _sAppDateLength
                0x00140030                _sHwVersionLength
                0x0014002c                _sAppRevisionLength
                0x00140028                _sAppNameLength
 .rodata        0x00140038        0x1 obj/STRCLASS.o
 *fill*         0x00140039        0x3 00
 .rodata        0x0014003c       0xb8 obj/util.o
 .rodata        0x001400f4       0x75 c:\gcc850\lib\libc.a(lib_a-svfprintf.o)
 .rodata        0x00140169      0x281 c:\gcc850\lib\libc.a(lib_a-ctype_.o)
                0x00140169                __ctype_
 .rodata        0x001403ea        0xf c:\gcc850\lib\libc.a(lib_a-dtoa.o)
 .rodata        0x001403f9        0x2 c:\gcc850\lib\libc.a(lib_a-impure.o)
 *fill*         0x001403fb        0x1 00
 .rodata        0x001403fc       0x48 c:\gcc850\lib\libc.a(lib_a-locale.o)
 .rodata        0x00140444      0x124 c:\gcc850\lib\libc.a(lib_a-mprec.o)
                0x00140534                ___mprec_tinytens
                0x0014050c                ___mprec_bigtens
                0x00140444                ___mprec_tens
 .rodata        0x00140568       0x1a c:\gcc850\lib\libc.a(lib_a-sbrk.o)
 *fill*         0x00140582        0x2 00
 .rodata        0x00140584       0x10 c:\gcc850\lib\libgcc.a(_thenan_sf.o)
                0x00140584                ___thenan_sf
 .rodata        0x00140594       0x14 c:\gcc850\lib\libgcc.a(_thenan_df.o)
                0x00140594                ___thenan_df
 .rodata        0x001405a8      0x100 c:\gcc850\lib\libgcc.a(_clz.o)
                0x001405a8                ___clz_tab
 *(.gnu.linkonce.r*)
 .gnu.linkonce.r._ZTV20GenericHwChanManagerImLi10EE
                0x001406a8        0xc obj/main.o
                0x001406a8                vtable for GenericHwChanManager<unsigned long, 10>
 .gnu.linkonce.r._ZTV13HwChanManagerImLi10EE
                0x001406b4        0xc obj/main.o
                0x001406b4                vtable for HwChanManager<unsigned long, 10>
 .gnu.linkonce.r._ZTV16GenericHwChannelImLi10EE
                0x001406c0        0xc obj/main.o
                0x001406c0                vtable for GenericHwChannel<unsigned long, 10>
 .gnu.linkonce.r._ZTV9HwChannelImLi10EE
                0x001406cc        0xc obj/main.o
                0x001406cc                vtable for HwChannel<unsigned long, 10>
 .gnu.linkonce.r._ZTV20VoltageHwChanManagerItLi5EE
                0x001406d8        0xc obj/main.o
                0x001406d8                vtable for VoltageHwChanManager<unsigned short, 5>
 .gnu.linkonce.r._ZTV13HwChanManagerItLi5EE
                0x001406e4        0xc obj/main.o
                0x001406e4                vtable for HwChanManager<unsigned short, 5>
 .gnu.linkonce.r._ZTV16VoltageHwChannelItLi5EE
                0x001406f0        0xc obj/main.o
                0x001406f0                vtable for VoltageHwChannel<unsigned short, 5>
 .gnu.linkonce.r._ZTV9HwChannelItLi5EE
                0x001406fc        0xc obj/main.o
                0x001406fc                vtable for HwChannel<unsigned short, 5>
 .gnu.linkonce.r._ZTV6String
                0x00140708       0x10 obj/STRCLASS.o
                0x00140708                vtable for String
 .gnu.linkonce.r._ZTV9QueueUart
                0x00140718       0xb0 obj/QUEUEUART.o
                0x00140718                vtable for QueueUart
 .gnu.linkonce.r._ZTV21UartDeviceAbstraction
                0x001407c8       0x70 obj/QUEUEUART.o
                0x001407c8                vtable for UartDeviceAbstraction
 .gnu.linkonce.r._ZTV26stdUartProtocolAbstraction
                0x00140838       0xdc obj/PROTOCOLSTDUART.o
                0x00140838                vtable for stdUartProtocolAbstraction
 .gnu.linkonce.r._ZTV13SIFRAProtocol
                0x00140914       0xdc obj/PROTOCOLSIFRA.o
                0x00140914                vtable for SIFRAProtocol
 *(.gcc_except_table)
                0x001409f0                . = ALIGN (0x4)

.rodata.cst4    0x001409f0        0xc
                0x001409f0                __rodata.cst4_start = .
                0x001409f0                . = ALIGN (0x4)
 *(.rodata.cst4)
 .rodata.cst4   0x001409f0        0x8 c:\gcc850\lib\libc.a(lib_a-svfprintf.o)
 .rodata.cst4   0x001409f8        0x4 c:\gcc850\lib\libc.a(lib_a-dtoa.o)
                0x001409fc                . = ALIGN (0x4)
                0x001409fc                __rodata_end = .
                0x001409fc                _end_rodata = .
                0x001409fc                PROVIDE (_end_rodata, .)

.data           0x00145000      0x844 load address 0x001409fc
                0x00145000                . = ALIGN (0x10)
                0x00145000                __data_start = .
 *(.data)
 .data          0x00145000        0x0 obj/startup.o
 .data          0x00145000        0x0 obj/crt0.o
 .data          0x00145000        0x0 obj/crt1.o
 .data          0x00145000        0x0 obj/main.o
 .data          0x00145000        0x2 obj/IRQSG2.o
 *fill*         0x00145002        0x2 00
 .data          0x00145004        0x8 obj/ALLOC.o
 .data          0x0014500c        0x0 obj/NEW.o
 .data          0x0014500c        0x0 obj/STRCLASS.o
 .data          0x0014500c        0x0 obj/SWTIM.o
 .data          0x0014500c        0x0 obj/util.o
 .data          0x0014500c        0x0 obj/I2C_SW.o
 .data          0x0014500c        0x0 obj/I2Ceeprom.o
 .data          0x0014500c        0x0 obj/sioSG2.o
 .data          0x0014500c        0x0 obj/SOUND.o
 .data          0x0014500c        0x4 obj/ADC.o
 .data          0x00145010        0x0 obj/PWM.o
 .data          0x00145010        0x0 obj/QUEUEUART.o
 .data          0x00145010        0x0 obj/PROTOCOLSTDUART.o
 .data          0x00145010        0x0 obj/PROTOCOLSIFRA.o
 .data          0x00145010        0x8 obj/CPUSIFRA_MANAGER.o
                0x00145010                _m_tolleranza
 .data          0x00145018        0x0 obj/NVRDRV.o
 .data          0x00145018        0x0 obj/LEDS_PANEL.o
 .data          0x00145018        0x0 c:\gcc850\lib\libc.a(lib_a-atoi.o)
 .data          0x00145018        0x0 c:\gcc850\lib\libc.a(lib_a-memcpy.o)
 .data          0x00145018        0x0 c:\gcc850\lib\libc.a(lib_a-memset.o)
 .data          0x00145018        0x0 c:\gcc850\lib\libc.a(lib_a-sprintf.o)
 .data          0x00145018        0x0 c:\gcc850\lib\libc.a(lib_a-strcmp.o)
 .data          0x00145018        0x0 c:\gcc850\lib\libc.a(lib_a-strcpy.o)
 .data          0x00145018        0x0 c:\gcc850\lib\libc.a(lib_a-strlen.o)
 .data          0x00145018        0x0 c:\gcc850\lib\libc.a(lib_a-strtol.o)
 .data          0x00145018        0x0 c:\gcc850\lib\libc.a(lib_a-svfprintf.o)
 .data          0x00145018        0x8 c:\gcc850\lib\libc.a(lib_a-ctype_.o)
                0x0014501c                ___ctype_ptr__
                0x00145018                ___ctype_ptr
 .data          0x00145020        0x0 c:\gcc850\lib\libc.a(lib_a-dtoa.o)
 .data          0x00145020        0x0 c:\gcc850\lib\libc.a(lib_a-freer.o)
 .data          0x00145020      0x400 c:\gcc850\lib\libc.a(lib_a-impure.o)
 .data          0x00145420       0x10 c:\gcc850\lib\libc.a(lib_a-locale.o)
                0x00145420                ___mb_cur_max
                0x00145424                ___lc_ctype
 .data          0x00145430      0x410 c:\gcc850\lib\libc.a(lib_a-mallocr.o)
                0x00145430                ___malloc_av_
                0x00145838                ___malloc_trim_threshold
                0x0014583c                ___malloc_sbrk_base
 .data          0x00145840        0x0 c:\gcc850\lib\libc.a(lib_a-memchr.o)
 .data          0x00145840        0x0 c:\gcc850\lib\libc.a(lib_a-memmove.o)
 .data          0x00145840        0x0 c:\gcc850\lib\libc.a(lib_a-mlock.o)
 .data          0x00145840        0x0 c:\gcc850\lib\libc.a(lib_a-mprec.o)
 .data          0x00145840        0x0 c:\gcc850\lib\libc.a(lib_a-reallocr.o)
 .data          0x00145840        0x0 c:\gcc850\lib\libc.a(lib_a-s_isinfd.o)
 .data          0x00145840        0x0 c:\gcc850\lib\libc.a(lib_a-s_isnand.o)
 .data          0x00145840        0x0 c:\gcc850\lib\libc.a(lib_a-sbrkr.o)
 .data          0x00145840        0x0 c:\gcc850\lib\libc.a(lib_a-stat.o)
 .data          0x00145840        0x0 c:\gcc850\lib\libc.a(lib_a-trap.o)
 .data          0x00145840        0x0 c:\gcc850\lib\libc.a(lib_a-callocr.o)
 .data          0x00145840        0x0 c:\gcc850\lib\libc.a(lib_a-sbrk.o)
 .data          0x00145840        0x0 c:\gcc850\lib\libc.a(lib_a-write.o)
 .data          0x00145840        0x0 c:\gcc850\lib\libc.a(lib_a-abort.o)
 .data          0x00145840        0x0 c:\gcc850\lib\libc.a(lib_a-signal.o)
 .data          0x00145840        0x0 c:\gcc850\lib\libc.a(lib_a-signalr.o)
 .data          0x00145840        0x4 c:\gcc850\lib\libc.a(lib_a-_Exit.o)
 .data          0x00145844        0x0 c:\gcc850\lib\libc.a(lib_a-getpid.o)
 .data          0x00145844        0x0 c:\gcc850\lib\libc.a(lib_a-kill.o)
 .data          0x00145844        0x0 c:\gcc850\lib\libgcc.a(_mulsi3.o)
 .data          0x00145844        0x0 c:\gcc850\lib\libgcc.a(_divsi3.o)
 .data          0x00145844        0x0 c:\gcc850\lib\libgcc.a(_udivsi3.o)
 .data          0x00145844        0x0 c:\gcc850\lib\libgcc.a(_modsi3.o)
 .data          0x00145844        0x0 c:\gcc850\lib\libgcc.a(_umodsi3.o)
 .data          0x00145844        0x0 c:\gcc850\lib\libgcc.a(_save_20c.o)
 .data          0x00145844        0x0 c:\gcc850\lib\libgcc.a(_save_23c.o)
 .data          0x00145844        0x0 c:\gcc850\lib\libgcc.a(_save_25c.o)
 .data          0x00145844        0x0 c:\gcc850\lib\libgcc.a(_save_26c.o)
 .data          0x00145844        0x0 c:\gcc850\lib\libgcc.a(_save_27c.o)
 .data          0x00145844        0x0 c:\gcc850\lib\libgcc.a(_save_28c.o)
 .data          0x00145844        0x0 c:\gcc850\lib\libgcc.a(_save_29c.o)
 .data          0x00145844        0x0 c:\gcc850\lib\libgcc.a(_save_31c.o)
 .data          0x00145844        0x0 c:\gcc850\lib\libgcc.a(_save_varargs.o)
 .data          0x00145844        0x0 c:\gcc850\lib\libgcc.a(_fixunssfsi.o)
 .data          0x00145844        0x0 c:\gcc850\lib\libgcc.a(_addsub_sf.o)
 .data          0x00145844        0x0 c:\gcc850\lib\libgcc.a(_mul_sf.o)
 .data          0x00145844        0x0 c:\gcc850\lib\libgcc.a(_div_sf.o)
 .data          0x00145844        0x0 c:\gcc850\lib\libgcc.a(_ne_sf.o)
 .data          0x00145844        0x0 c:\gcc850\lib\libgcc.a(_gt_sf.o)
 .data          0x00145844        0x0 c:\gcc850\lib\libgcc.a(_ge_sf.o)
 .data          0x00145844        0x0 c:\gcc850\lib\libgcc.a(_lt_sf.o)
 .data          0x00145844        0x0 c:\gcc850\lib\libgcc.a(_le_sf.o)
 .data          0x00145844        0x0 c:\gcc850\lib\libgcc.a(_si_to_sf.o)
 .data          0x00145844        0x0 c:\gcc850\lib\libgcc.a(_sf_to_si.o)
 .data          0x00145844        0x0 c:\gcc850\lib\libgcc.a(_thenan_sf.o)
 .data          0x00145844        0x0 c:\gcc850\lib\libgcc.a(_usi_to_sf.o)
 .data          0x00145844        0x0 c:\gcc850\lib\libgcc.a(_addsub_df.o)
 .data          0x00145844        0x0 c:\gcc850\lib\libgcc.a(_mul_df.o)
 .data          0x00145844        0x0 c:\gcc850\lib\libgcc.a(_div_df.o)
 .data          0x00145844        0x0 c:\gcc850\lib\libgcc.a(_eq_df.o)
 .data          0x00145844        0x0 c:\gcc850\lib\libgcc.a(_ne_df.o)
 .data          0x00145844        0x0 c:\gcc850\lib\libgcc.a(_gt_df.o)
 .data          0x00145844        0x0 c:\gcc850\lib\libgcc.a(_ge_df.o)
 .data          0x00145844        0x0 c:\gcc850\lib\libgcc.a(_lt_df.o)
 .data          0x00145844        0x0 c:\gcc850\lib\libgcc.a(_si_to_df.o)
 .data          0x00145844        0x0 c:\gcc850\lib\libgcc.a(_df_to_si.o)
 .data          0x00145844        0x0 c:\gcc850\lib\libgcc.a(_thenan_df.o)
 .data          0x00145844        0x0 c:\gcc850\lib\libgcc.a(_usi_to_df.o)
 .data          0x00145844        0x0 c:\gcc850\lib\libgcc.a(_ucmpdi2.o)
 .data          0x00145844        0x0 c:\gcc850\lib\libgcc.a(_muldi3.o)
 .data          0x00145844        0x0 c:\gcc850\lib\libgcc.a(_clzsi2.o)
 .data          0x00145844        0x0 c:\gcc850\lib\libgcc.a(_pack_sf.o)
 .data          0x00145844        0x0 c:\gcc850\lib\libgcc.a(_unpack_sf.o)
 .data          0x00145844        0x0 c:\gcc850\lib\libgcc.a(_fpcmp_parts_sf.o)
 .data          0x00145844        0x0 c:\gcc850\lib\libgcc.a(_pack_df.o)
 .data          0x00145844        0x0 c:\gcc850\lib\libgcc.a(_unpack_df.o)
 .data          0x00145844        0x0 c:\gcc850\lib\libgcc.a(_fpcmp_parts_df.o)
 .data          0x00145844        0x0 c:\gcc850\lib\libgcc.a(_clz.o)
 *(.gnu.linkonce.d*)
                0x00145844                . = ALIGN (0x4)
                0x00145844                __data_end = .
                0x001409fc                PROVIDE (__datarom_end, __rodata_end)

.got
 *(.got.plt)
 *(.got)

.dynamic
 *(.dynamic)

.tdata          0x00145844        0x0
                0x00145844                PROVIDE (__ep, .)
 *(.tbyte)
 *(.tcommon_byte)
 *(.tdata)
 *(.tbss)
 *(.tcommon)

.sdata          0x00145844        0x4
                0x0014d844                PROVIDE (__gp, (. + 0x8000))
 *(.sdata)
 .sdata         0x00145844        0x4 c:\gcc850\lib\libc.a(lib_a-impure.o)
                0x00145844                __impure_ptr
                0x00145848                __sbss_start = .
 *(.sbss)
 *(.scommon)

.rosdata        0x00145848        0x4
 *(.rosdata)
 .rosdata       0x00145848        0x4 c:\gcc850\lib\libc.a(lib_a-impure.o)
                0x00145848                __global_impure_ptr
                0x00145848                _edata = DEFINED (__sbss_start)?__sbss_start:.
                0x00145848                PROVIDE (edata, _edata)

.bss            0x0014584c      0xd98
                0x00145848                __bss_start = DEFINED (__sbss_start)?__sbss_start:.
 *(.dynbss)
 *(.bss)
 .bss           0x0014584c        0x0 obj/startup.o
 .bss           0x0014584c        0x0 obj/crt0.o
 .bss           0x0014584c        0x2 obj/crt1.o
 *fill*         0x0014584e        0x2 00
 .bss           0x00145850       0x18 obj/main.o
                0x00145858                _SifraProtocol
                0x00145854                _powerVoltageChan
                0x00145862                _time_sec
                0x00145860                _time_msec
                0x0014585c                _CpuSifra
                0x00145850                _weightChan
 .bss           0x00145868       0xf8 obj/IRQSG2.o
 .bss           0x00145960       0x14 obj/ALLOC.o
 .bss           0x00145974      0x3e8 obj/NEW.o
 .bss           0x00145d5c        0x0 obj/STRCLASS.o
 .bss           0x00145d5c        0x8 obj/SWTIM.o
                0x00145d5c                _globalTimer
 .bss           0x00145d64       0x32 obj/util.o
 .bss           0x00145d96        0x0 obj/I2C_SW.o
 .bss           0x00145d96        0x0 obj/I2Ceeprom.o
 .bss           0x00145d96        0x0 obj/sioSG2.o
 *fill*         0x00145d96        0x2 00
 .bss           0x00145d98       0x28 obj/SOUND.o
 .bss           0x00145dc0      0x544 obj/ADC.o
                0x001462b7                _m_confRegSpi2_PowerSave
                0x0014625c                _powerSamplePeriod
                0x001462ce                _m_endContinuousConversionSpi2
                0x001462cf                _m_initializationSequenceStateSpi2
                0x00146289                _m_TxState
                0x0014602c                _ADC5_serial_fifo
                0x00145df4                _ADC1_serial_fifo
                0x001462c9                _m_TxStateSpi2
                0x00146284                _m_confReg
                0x001462ba                _m_confRegSpi2_RstValid
                0x00145dc0                _mV_Power_ADC
                0x00146294                _m_lastConfRegWrote
                0x001462cc                _m_numByteToReceivedSpi2
                0x0014628f                _m_initializationSequenceState
                0x001462bf                _m_confRegSpi2_UniBiPolar
                0x00146278                _m_confReg_RstSys
                0x00146288                _m_confRegStatus
                0x00146148                _CS5530_rx_fifoSpi2
                0x001462dc                _timerSpi2
                0x0014626a                _state_adc2
                0x001462e8                _m_num_max_adc_for_channelSpi2
                0x001462ec                _wait_reset_ADC
                0x0014621c                _contadc1
                0x00146290                _m_txBufferEmpty
                0x00146266                _state
                0x0014628a                _m_CommandSent
                0x00146276                _m_confReg_PowerSave
                0x001462bc                _m_confRegSpi2_VoltageRef
                0x001462d4                _m_lastConfRegSpi2Wrote
                0x0014627c                _m_confReg_LatchBit
                0x00146298                _m_validDataPresentInADCBuffer
                0x00146274                _vol_tick
                0x00146272                _chanToSample
                0x0014629c                _timerSpi
                0x0014628b                _m_numByteReceived
                0x00145f58                _CS5530_rx_fifo
                0x0014628d                _m_adcStates
                0x001462b9                _m_confRegSpi2_RstSys
                0x001462d0                _m_txBufferEmptySpi2
                0x001462c4                _m_confRegSpi2
                0x001462e9                _adc_to_sampleSpi2
                0x00146292                _m_startContinuousConversion
                0x0014627e                _m_confReg_UniBiPolar
                0x00146260                _pwrVoltageAverage
                0x00146277                _m_confReg_PowerDown
                0x00146074                _CS5530_tx_fifoSpi2
                0x00146279                _m_confReg_RstValid
                0x00146291                _m_spiOrPinMode
                0x001462c8                _m_confRegStatusSpi2
                0x00146280                _m_confReg_filterRate
                0x001462bb                _m_confRegSpi2_InputShort
                0x001462cd                _m_adcStatesSpi2
                0x001462cb                _m_numByteReceivedSpi2
                0x00146264                _numPwrSamples
                0x00145e84                _CS5530_tx_fifo
                0x00146220                _m_data
                0x001462b4                _m_num_max_adc_for_channel
                0x001462b8                _m_confRegSpi2_PowerDown
                0x001462d1                _m_spiOrPinModeSpi2
                0x00146268                _state_adc1
                0x00145e3c                _ADC2_serial_fifo
                0x001462c1                _m_confRegSpi2_filterRate
                0x0014627d                _m_confReg_WordRate
                0x001462a8                _watchdog_adc_timer
                0x0014627a                _m_confReg_InputShort
                0x001462c0                _m_confRegSpi2_OpenCircuitDetect
                0x001462d2                _m_startContinuousConversionSpi2
                0x001462b6                _adc_to_sample
                0x00146224                _Chan
                0x0014627b                _m_confReg_VoltageRef
                0x001462bd                _m_confRegSpi2_LatchBit
                0x001462be                _m_confRegSpi2_WordRate
                0x00146270                _state_adc5
                0x0014628c                _m_numByteToReceived
                0x001462d8                _m_validDataPresentInADCBufferSpi2
                0x0014628e                _m_endContinuousConversion
                0x001462b5                _numByteSent
                0x0014626c                _state_adc3
                0x0014627f                _m_confReg_OpenCircuitDetect
                0x001462ca                _m_CommandSentSpi2
                0x0014626e                _state_adc4
 .bss           0x00146304       0x64 obj/PWM.o
                0x00146338                _stato_pompa
                0x0014630c                _coverState_open
                0x00146304                _conta
                0x00146310                _pwm_ev
                0x00146341                _previousstate_EVs
                0x00146350                _EV_timer
                0x00146340                _state_EVs
                0x00146344                _PWM_timer
                0x0014633c                _pre_stato_pompa
                0x00146308                _enable_EVs
                0x0014635c                _MotorStatus
                0x00146324                _pwm_mot
 .bss           0x00146368        0xc obj/QUEUEUART.o
                0x00146370                UartDeviceAbstraction::m_pUart2DeviceAbstraction
                0x00146368                UartDeviceAbstraction::m_pUart0DeviceAbstraction
                0x0014636c                UartDeviceAbstraction::m_pUart1DeviceAbstraction
 .bss           0x00146374        0x0 obj/PROTOCOLSTDUART.o
 .bss           0x00146374      0x1fc obj/PROTOCOLSIFRA.o
                0x001463fc                _Via
                0x00146528                _bk
                0x001463f8                _WeightCmd
                0x001463d0                _StatusDebug
                0x0014655c                _structEnc
                0x0014651c                _g_stateMachine
                0x00146378                _StartCmd
                0x00146374                _fp
                0x001463ac                _StatusCmd
                0x001463fa                _g_scalesPhaseCmd
                0x001463f9                _g_restartFormulaCmd
 .bss           0x00146570        0x4 obj/CPUSIFRA_MANAGER.o
                0x00146570                _fpp
 .bss           0x00146574        0xa obj/NVRDRV.o
                0x00146574                _m_chk
 *fill*         0x0014657e        0x2 00
 .bss           0x00146580       0x1c obj/LEDS_PANEL.o
                0x00146580                _DISPLAY_tx_fifo
 .bss           0x0014659c        0x0 c:\gcc850\lib\libc.a(lib_a-atoi.o)
 .bss           0x0014659c        0x0 c:\gcc850\lib\libc.a(lib_a-memcpy.o)
 .bss           0x0014659c        0x0 c:\gcc850\lib\libc.a(lib_a-memset.o)
 .bss           0x0014659c        0x0 c:\gcc850\lib\libc.a(lib_a-sprintf.o)
 .bss           0x0014659c        0x0 c:\gcc850\lib\libc.a(lib_a-strcmp.o)
 .bss           0x0014659c        0x0 c:\gcc850\lib\libc.a(lib_a-strcpy.o)
 .bss           0x0014659c        0x0 c:\gcc850\lib\libc.a(lib_a-strlen.o)
 .bss           0x0014659c        0x0 c:\gcc850\lib\libc.a(lib_a-strtol.o)
 .bss           0x0014659c        0x0 c:\gcc850\lib\libc.a(lib_a-svfprintf.o)
 .bss           0x0014659c        0x0 c:\gcc850\lib\libc.a(lib_a-ctype_.o)
 .bss           0x0014659c        0x0 c:\gcc850\lib\libc.a(lib_a-dtoa.o)
 .bss           0x0014659c        0x0 c:\gcc850\lib\libc.a(lib_a-freer.o)
 .bss           0x0014659c        0x0 c:\gcc850\lib\libc.a(lib_a-impure.o)
 .bss           0x0014659c        0xc c:\gcc850\lib\libc.a(lib_a-locale.o)
                0x001465a0                ___mlocale_changed
                0x001465a4                __PathLocale
                0x0014659c                ___nlocale_changed
 .bss           0x001465a8       0x34 c:\gcc850\lib\libc.a(lib_a-mallocr.o)
                0x001465a8                ___malloc_top_pad
                0x001465b4                ___malloc_current_mallinfo
                0x001465ac                ___malloc_max_sbrked_mem
                0x001465b0                ___malloc_max_total_mem
 .bss           0x001465dc        0x0 c:\gcc850\lib\libc.a(lib_a-memchr.o)
 .bss           0x001465dc        0x0 c:\gcc850\lib\libc.a(lib_a-memmove.o)
 .bss           0x001465dc        0x0 c:\gcc850\lib\libc.a(lib_a-mlock.o)
 .bss           0x001465dc        0x0 c:\gcc850\lib\libc.a(lib_a-mprec.o)
 .bss           0x001465dc        0x0 c:\gcc850\lib\libc.a(lib_a-reallocr.o)
 .bss           0x001465dc        0x0 c:\gcc850\lib\libc.a(lib_a-s_isinfd.o)
 .bss           0x001465dc        0x0 c:\gcc850\lib\libc.a(lib_a-s_isnand.o)
 .bss           0x001465dc        0x0 c:\gcc850\lib\libc.a(lib_a-sbrkr.o)
 .bss           0x001465dc        0x0 c:\gcc850\lib\libc.a(lib_a-stat.o)
 .bss           0x001465dc        0x0 c:\gcc850\lib\libc.a(lib_a-trap.o)
 .bss           0x001465dc        0x0 c:\gcc850\lib\libc.a(lib_a-callocr.o)
 .bss           0x001465dc        0x4 c:\gcc850\lib\libc.a(lib_a-sbrk.o)
 .bss           0x001465e0        0x0 c:\gcc850\lib\libc.a(lib_a-write.o)
 .bss           0x001465e0        0x0 c:\gcc850\lib\libc.a(lib_a-abort.o)
 .bss           0x001465e0        0x0 c:\gcc850\lib\libc.a(lib_a-signal.o)
 .bss           0x001465e0        0x0 c:\gcc850\lib\libc.a(lib_a-signalr.o)
 .bss           0x001465e0        0x0 c:\gcc850\lib\libc.a(lib_a-_Exit.o)
 .bss           0x001465e0        0x0 c:\gcc850\lib\libc.a(lib_a-getpid.o)
 .bss           0x001465e0        0x0 c:\gcc850\lib\libc.a(lib_a-kill.o)
 .bss           0x001465e0        0x0 c:\gcc850\lib\libgcc.a(_mulsi3.o)
 .bss           0x001465e0        0x0 c:\gcc850\lib\libgcc.a(_divsi3.o)
 .bss           0x001465e0        0x0 c:\gcc850\lib\libgcc.a(_udivsi3.o)
 .bss           0x001465e0        0x0 c:\gcc850\lib\libgcc.a(_modsi3.o)
 .bss           0x001465e0        0x0 c:\gcc850\lib\libgcc.a(_umodsi3.o)
 .bss           0x001465e0        0x0 c:\gcc850\lib\libgcc.a(_save_20c.o)
 .bss           0x001465e0        0x0 c:\gcc850\lib\libgcc.a(_save_23c.o)
 .bss           0x001465e0        0x0 c:\gcc850\lib\libgcc.a(_save_25c.o)
 .bss           0x001465e0        0x0 c:\gcc850\lib\libgcc.a(_save_26c.o)
 .bss           0x001465e0        0x0 c:\gcc850\lib\libgcc.a(_save_27c.o)
 .bss           0x001465e0        0x0 c:\gcc850\lib\libgcc.a(_save_28c.o)
 .bss           0x001465e0        0x0 c:\gcc850\lib\libgcc.a(_save_29c.o)
 .bss           0x001465e0        0x0 c:\gcc850\lib\libgcc.a(_save_31c.o)
 .bss           0x001465e0        0x0 c:\gcc850\lib\libgcc.a(_save_varargs.o)
 .bss           0x001465e0        0x0 c:\gcc850\lib\libgcc.a(_fixunssfsi.o)
 .bss           0x001465e0        0x0 c:\gcc850\lib\libgcc.a(_addsub_sf.o)
 .bss           0x001465e0        0x0 c:\gcc850\lib\libgcc.a(_mul_sf.o)
 .bss           0x001465e0        0x0 c:\gcc850\lib\libgcc.a(_div_sf.o)
 .bss           0x001465e0        0x0 c:\gcc850\lib\libgcc.a(_ne_sf.o)
 .bss           0x001465e0        0x0 c:\gcc850\lib\libgcc.a(_gt_sf.o)
 .bss           0x001465e0        0x0 c:\gcc850\lib\libgcc.a(_ge_sf.o)
 .bss           0x001465e0        0x0 c:\gcc850\lib\libgcc.a(_lt_sf.o)
 .bss           0x001465e0        0x0 c:\gcc850\lib\libgcc.a(_le_sf.o)
 .bss           0x001465e0        0x0 c:\gcc850\lib\libgcc.a(_si_to_sf.o)
 .bss           0x001465e0        0x0 c:\gcc850\lib\libgcc.a(_sf_to_si.o)
 .bss           0x001465e0        0x0 c:\gcc850\lib\libgcc.a(_thenan_sf.o)
 .bss           0x001465e0        0x0 c:\gcc850\lib\libgcc.a(_usi_to_sf.o)
 .bss           0x001465e0        0x0 c:\gcc850\lib\libgcc.a(_addsub_df.o)
 .bss           0x001465e0        0x0 c:\gcc850\lib\libgcc.a(_mul_df.o)
 .bss           0x001465e0        0x0 c:\gcc850\lib\libgcc.a(_div_df.o)
 .bss           0x001465e0        0x0 c:\gcc850\lib\libgcc.a(_eq_df.o)
 .bss           0x001465e0        0x0 c:\gcc850\lib\libgcc.a(_ne_df.o)
 .bss           0x001465e0        0x0 c:\gcc850\lib\libgcc.a(_gt_df.o)
 .bss           0x001465e0        0x0 c:\gcc850\lib\libgcc.a(_ge_df.o)
 .bss           0x001465e0        0x0 c:\gcc850\lib\libgcc.a(_lt_df.o)
 .bss           0x001465e0        0x0 c:\gcc850\lib\libgcc.a(_si_to_df.o)
 .bss           0x001465e0        0x0 c:\gcc850\lib\libgcc.a(_df_to_si.o)
 .bss           0x001465e0        0x0 c:\gcc850\lib\libgcc.a(_thenan_df.o)
 .bss           0x001465e0        0x0 c:\gcc850\lib\libgcc.a(_usi_to_df.o)
 .bss           0x001465e0        0x0 c:\gcc850\lib\libgcc.a(_ucmpdi2.o)
 .bss           0x001465e0        0x0 c:\gcc850\lib\libgcc.a(_muldi3.o)
 .bss           0x001465e0        0x0 c:\gcc850\lib\libgcc.a(_clzsi2.o)
 .bss           0x001465e0        0x0 c:\gcc850\lib\libgcc.a(_pack_sf.o)
 .bss           0x001465e0        0x0 c:\gcc850\lib\libgcc.a(_unpack_sf.o)
 .bss           0x001465e0        0x0 c:\gcc850\lib\libgcc.a(_fpcmp_parts_sf.o)
 .bss           0x001465e0        0x0 c:\gcc850\lib\libgcc.a(_pack_df.o)
 .bss           0x001465e0        0x0 c:\gcc850\lib\libgcc.a(_unpack_df.o)
 .bss           0x001465e0        0x0 c:\gcc850\lib\libgcc.a(_fpcmp_parts_df.o)
 .bss           0x001465e0        0x0 c:\gcc850\lib\libgcc.a(_clz.o)
 *(COMMON)
 COMMON         0x001465e0        0x4 c:\gcc850\lib\libc.a(lib_a-stat.o)
                0x001465e0                _errno
                0x001465e4                _end = .
                0x001465e4                PROVIDE (end, .)
                0x001465e4                . = ALIGN (0x4)
                0x001465e4                __base_small_heap = .
                0x001465e4                PROVIDE (_base_small_heap, .)

.stack          0x00163000     0x1000
                0x00163000                __end_small_heap = .
                0x00163000                PROVIDE (_end_small_heap, __end_small_heap)
                0x00163000                __stack = .
 *(.stack)
 .stack         0x00163000     0x1000 obj/startup.o
                0x00163000                __system_stack
                0x00164000                __end_stack = .
                0x00164000                PROVIDE (_end_stack, __end_stack)

.xdata          0x00165000        0x0
                0x00165000                __xdata_start = .
 *(.xdata)
                0x00165000                __xdata = .
                0x00165000                __xdata_end = .
                0x00165000                . = ALIGN (0x4)
                0x00165000                __base_heap = .
                0x00165000                PROVIDE (_base_heap, .)
                0x0017ffff                __end_heap = (. + 0x1afff)
                0x0017ffff                PROVIDE (_end_heap, (. + 0x1afff))

.disk
 *(.disk)

.stab           0x00000000    0x43c68
 *(.stab)
 .stab          0x00000000      0x7e0 obj/crt1.o
 .stab          0x000007e0     0x1f5c obj/main.o
                               0x1f68 (size before relaxing)
 .stab          0x0000273c     0x3eac obj/IRQSG2.o
                               0x3eb8 (size before relaxing)
 .stab          0x000065e8      0xc54 obj/ALLOC.o
                                0xc60 (size before relaxing)
 .stab          0x0000723c      0x924 obj/NEW.o
                                0x930 (size before relaxing)
 .stab          0x00007b60      0xf0c obj/STRCLASS.o
                                0xf18 (size before relaxing)
 .stab          0x00008a6c      0xaec obj/SWTIM.o
                                0xaf8 (size before relaxing)
 .stab          0x00009558     0x1608 obj/util.o
                               0x1614 (size before relaxing)
 .stab          0x0000ab60      0xce4 obj/I2C_SW.o
                                0xcf0 (size before relaxing)
 .stab          0x0000b844     0x10f8 obj/I2Ceeprom.o
                               0x1104 (size before relaxing)
 .stab          0x0000c93c     0x1c68 obj/sioSG2.o
                               0x1c74 (size before relaxing)
 .stab          0x0000e5a4      0xe64 obj/SOUND.o
                                0xe70 (size before relaxing)
 .stab          0x0000f408     0x756c obj/ADC.o
                               0x7578 (size before relaxing)
 .stab          0x00016974     0x19e0 obj/PWM.o
                               0x19ec (size before relaxing)
 .stab          0x00018354     0x3a08 obj/QUEUEUART.o